Archive member included because of file (symbol)

/usr/local/CrossPack-AVR-20131216/lib/gcc/avr/4.8.1/avr35/libgcc.a(_mulhi3.o)
                              ../../LUFA/LUFA/Drivers/USB/Class/Common/HIDParser.o (__mulhi3)
/usr/local/CrossPack-AVR-20131216/lib/gcc/avr/4.8.1/avr35/libgcc.a(_exit.o)
                              /usr/local/CrossPack-AVR-20131216/lib/gcc/avr/4.8.1/../../../../avr/lib/avr35/crtm16u2.o (exit)
/usr/local/CrossPack-AVR-20131216/lib/gcc/avr/4.8.1/avr35/libgcc.a(_tablejump.o)
                              ../../LUFA/LUFA/Drivers/USB/Core/DeviceStandardReq.o (__tablejump2__)
/usr/local/CrossPack-AVR-20131216/lib/gcc/avr/4.8.1/avr35/libgcc.a(_copy_data.o)
                              RNG.o (__do_copy_data)
/usr/local/CrossPack-AVR-20131216/lib/gcc/avr/4.8.1/avr35/libgcc.a(_clear_bss.o)
                              RNG.o (__do_clear_bss)
/usr/local/CrossPack-AVR-20131216/lib/gcc/avr/4.8.1/../../../../avr/lib/avr35/libc.a(memcpy_P.o)
                              ../../LUFA/LUFA/Drivers/USB/Class/Device/RNDISClassDevice.o (memcpy_P)
/usr/local/CrossPack-AVR-20131216/lib/gcc/avr/4.8.1/../../../../avr/lib/avr35/libc.a(memcmp.o)
                              ../../LUFA/LUFA/Drivers/USB/Class/Device/HIDClassDevice.o (memcmp)
/usr/local/CrossPack-AVR-20131216/lib/gcc/avr/4.8.1/../../../../avr/lib/avr35/libc.a(memcpy.o)
                              ../../LUFA/LUFA/Drivers/USB/Class/Device/HIDClassDevice.o (memcpy)
/usr/local/CrossPack-AVR-20131216/lib/gcc/avr/4.8.1/../../../../avr/lib/avr35/libc.a(memset.o)
                              ../../LUFA/LUFA/Drivers/USB/Class/Device/HIDClassDevice.o (memset)
/usr/local/CrossPack-AVR-20131216/lib/gcc/avr/4.8.1/../../../../avr/lib/avr35/libc.a(fputc.o)
                              RNG.o (fputc)
/usr/local/CrossPack-AVR-20131216/lib/gcc/avr/4.8.1/../../../../avr/lib/avr35/libc.a(eerd_byte_atmega16u2.o)
                              ../../LUFA/LUFA/Drivers/USB/Core/AVR8/EndpointStream_AVR8.o (__eerd_byte_m16u2)
/usr/local/CrossPack-AVR-20131216/lib/gcc/avr/4.8.1/../../../../avr/lib/avr35/libc.a(eeupd_byte_atmega16u2.o)
                              ../../LUFA/LUFA/Drivers/USB/Core/AVR8/EndpointStream_AVR8.o (__eeupd_byte_m16u2)

Allocating common symbols
Common symbol       size              file

USB_IsInitialized   0x1               ../../LUFA/LUFA/Drivers/USB/Core/USBTask.o
USB_DeviceState     0x1               ../../LUFA/LUFA/Drivers/USB/Core/USBTask.o
USB_Device_ConfigurationNumber
                    0x1               ../../LUFA/LUFA/Drivers/USB/Core/DeviceStandardReq.o
USB_Device_CurrentlySelfPowered
                    0x1               ../../LUFA/LUFA/Drivers/USB/Core/DeviceStandardReq.o
USB_ControlRequest  0x8               ../../LUFA/LUFA/Drivers/USB/Core/USBTask.o
str                 0x4               RNG.o
USB_Device_RemoteWakeupEnabled
                    0x1               ../../LUFA/LUFA/Drivers/USB/Core/DeviceStandardReq.o

Discarded input sections

 .bss           0x00000000        0x0 /usr/local/CrossPack-AVR-20131216/lib/gcc/avr/4.8.1/../../../../avr/lib/avr35/crtm16u2.o
 .text          0x00000000        0x0 RNG.o
 COMMON         0x00000000        0x4 RNG.o
 .text          0x00000000        0x0 Descriptors.o
 .bss           0x00000000        0x0 Descriptors.o
 .text          0x00000000        0x0 ../../LUFA/LUFA/Drivers/USB/Class/Common/HIDParser.o
 .bss           0x00000000        0x0 ../../LUFA/LUFA/Drivers/USB/Class/Common/HIDParser.o
 .text.USB_ProcessHIDReport
                0x00000000      0x736 ../../LUFA/LUFA/Drivers/USB/Class/Common/HIDParser.o
 .text.USB_GetHIDReportItemInfo
                0x00000000       0xbc ../../LUFA/LUFA/Drivers/USB/Class/Common/HIDParser.o
 .text.USB_SetHIDReportItemInfo
                0x00000000       0xec ../../LUFA/LUFA/Drivers/USB/Class/Common/HIDParser.o
 .text.USB_GetHIDReportSize
                0x00000000       0x62 ../../LUFA/LUFA/Drivers/USB/Class/Common/HIDParser.o
 .text          0x00000000        0x0 ../../LUFA/LUFA/Drivers/USB/Core/AVR8/Device_AVR8.o
 .bss           0x00000000        0x0 ../../LUFA/LUFA/Drivers/USB/Core/AVR8/Device_AVR8.o
 .text.USB_Device_SendRemoteWakeup
                0x00000000       0x2c ../../LUFA/LUFA/Drivers/USB/Core/AVR8/Device_AVR8.o
 .text          0x00000000        0x0 ../../LUFA/LUFA/Drivers/USB/Core/AVR8/EndpointStream_AVR8.o
 .bss           0x00000000        0x0 ../../LUFA/LUFA/Drivers/USB/Core/AVR8/EndpointStream_AVR8.o
 .text.Endpoint_Discard_Stream
                0x00000000       0x7e ../../LUFA/LUFA/Drivers/USB/Core/AVR8/EndpointStream_AVR8.o
 .text.Endpoint_Null_Stream
                0x00000000       0x7e ../../LUFA/LUFA/Drivers/USB/Core/AVR8/EndpointStream_AVR8.o
 .text.Endpoint_Write_Stream_LE
                0x00000000       0x92 ../../LUFA/LUFA/Drivers/USB/Core/AVR8/EndpointStream_AVR8.o
 .text.Endpoint_Write_Stream_BE
                0x00000000       0xa0 ../../LUFA/LUFA/Drivers/USB/Core/AVR8/EndpointStream_AVR8.o
[...]
Memory Configuration

Name             Origin             Length             Attributes
text             0x00000000         0x00010000         xr
data             0x00800060         0x0000ffa0         rw !x
eeprom           0x00810000         0x00010000         rw !x
fuse             0x00820000         0x00000400         rw !x
lock             0x00830000         0x00000400         rw !x
signature        0x00840000         0x00000400         rw !x
user_signatures  0x00850000         0x00000400         rw !x
*default*        0x00000000         0xffffffff

Linker script and memory map

Address of section .data set to 0x800100
LOAD /usr/local/CrossPack-AVR-20131216/lib/gcc/avr/4.8.1/../../../../avr/lib/avr35/crtm16u2.o
LOAD RNG.o
LOAD Descriptors.o
LOAD ../../LUFA/LUFA/Drivers/USB/Class/Common/HIDParser.o
LOAD ../../LUFA/LUFA/Drivers/USB/Core/AVR8/Device_AVR8.o
LOAD ../../LUFA/LUFA/Drivers/USB/Core/AVR8/EndpointStream_AVR8.o
LOAD ../../LUFA/LUFA/Drivers/USB/Core/AVR8/Endpoint_AVR8.o
LOAD ../../LUFA/LUFA/Drivers/USB/Core/AVR8/Host_AVR8.o
LOAD ../../LUFA/LUFA/Drivers/USB/Core/AVR8/PipeStream_AVR8.o
LOAD ../../LUFA/LUFA/Drivers/USB/Core/AVR8/Pipe_AVR8.o
LOAD ../../LUFA/LUFA/Drivers/USB/Core/AVR8/USBController_AVR8.o
LOAD ../../LUFA/LUFA/Drivers/USB/Core/AVR8/USBInterrupt_AVR8.o
LOAD ../../LUFA/LUFA/Drivers/USB/Core/ConfigDescriptors.o
LOAD ../../LUFA/LUFA/Drivers/USB/Core/DeviceStandardReq.o
LOAD ../../LUFA/LUFA/Drivers/USB/Core/Events.o
LOAD ../../LUFA/LUFA/Drivers/USB/Core/HostStandardReq.o
LOAD ../../LUFA/LUFA/Drivers/USB/Core/USBTask.o
LOAD ../../LUFA/LUFA/Drivers/USB/Class/Device/AudioClassDevice.o
LOAD ../../LUFA/LUFA/Drivers/USB/Class/Device/CDCClassDevice.o
LOAD ../../LUFA/LUFA/Drivers/USB/Class/Device/HIDClassDevice.o
LOAD ../../LUFA/LUFA/Drivers/USB/Class/Device/MassStorageClassDevice.o
LOAD ../../LUFA/LUFA/Drivers/USB/Class/Device/MIDIClassDevice.o
LOAD ../../LUFA/LUFA/Drivers/USB/Class/Device/PrinterClassDevice.o
LOAD ../../LUFA/LUFA/Drivers/USB/Class/Device/RNDISClassDevice.o
LOAD ../../LUFA/LUFA/Drivers/USB/Class/Host/AndroidAccessoryClassHost.o
LOAD ../../LUFA/LUFA/Drivers/USB/Class/Host/AudioClassHost.o
LOAD ../../LUFA/LUFA/Drivers/USB/Class/Host/CDCClassHost.o
LOAD ../../LUFA/LUFA/Drivers/USB/Class/Host/HIDClassHost.o
LOAD ../../LUFA/LUFA/Drivers/USB/Class/Host/MassStorageClassHost.o
LOAD ../../LUFA/LUFA/Drivers/USB/Class/Host/MIDIClassHost.o
LOAD ../../LUFA/LUFA/Drivers/USB/Class/Host/PrinterClassHost.o
LOAD ../../LUFA/LUFA/Drivers/USB/Class/Host/RNDISClassHost.o
LOAD ../../LUFA/LUFA/Drivers/USB/Class/Host/StillImageClassHost.o
LOAD /usr/local/CrossPack-AVR-20131216/lib/gcc/avr/4.8.1/../../../../avr/lib/avr35/libm.a
START GROUP
LOAD /usr/local/CrossPack-AVR-20131216/lib/gcc/avr/4.8.1/avr35/libgcc.a
LOAD /usr/local/CrossPack-AVR-20131216/lib/gcc/avr/4.8.1/../../../../avr/lib/avr35/libm.a
LOAD /usr/local/CrossPack-AVR-20131216/lib/gcc/avr/4.8.1/../../../../avr/lib/avr35/libc.a
END GROUP

.hash
 *(.hash)

.dynsym
 *(.dynsym)

.dynstr
 *(.dynstr)

.gnu.version
 *(.gnu.version)

.gnu.version_d
 *(.gnu.version_d)

.gnu.version_r
 *(.gnu.version_r)

.rel.init
 *(.rel.init)

.rela.init
 *(.rela.init)

.rel.text
 *(.rel.text)
 *(.rel.text.*)
 *(.rel.gnu.linkonce.t*)

.rela.text
 *(.rela.text)
 *(.rela.text.*)
 *(.rela.gnu.linkonce.t*)

.rel.fini
 *(.rel.fini)

.rela.fini
 *(.rela.fini)

.rel.rodata
 *(.rel.rodata)
 *(.rel.rodata.*)
 *(.rel.gnu.linkonce.r*)

.rela.rodata
 *(.rela.rodata)
 *(.rela.rodata.*)
 *(.rela.gnu.linkonce.r*)

.rel.data
 *(.rel.data)
 *(.rel.data.*)
 *(.rel.gnu.linkonce.d*)

.rela.data
 *(.rela.data)
 *(.rela.data.*)
 *(.rela.gnu.linkonce.d*)

.rel.ctors
 *(.rel.ctors)

.rela.ctors
 *(.rela.ctors)

.rel.dtors
 *(.rel.dtors)

.rela.dtors
 *(.rela.dtors)

.rel.got
 *(.rel.got)

.rela.got
 *(.rela.got)

.rel.bss
 *(.rel.bss)

.rela.bss
 *(.rela.bss)

.rel.plt
 *(.rel.plt)

.rela.plt
 *(.rela.plt)

.text           0x00000000      0xe04
 *(.vectors)
 .vectors       0x00000000       0x74 /usr/local/CrossPack-AVR-20131216/lib/gcc/avr/4.8.1/../../../../avr/lib/avr35/crtm16u2.o
                0x00000000                __vectors
                0x00000000                __vector_default
 *(.vectors)
 *(.progmem.gcc*)
 .progmem.gcc_sw_table.USB_Device_ProcessControlRequest
                0x00000074       0x14 ../../LUFA/LUFA/Drivers/USB/Core/DeviceStandardReq.o
                0x00000088                . = ALIGN (0x2)
                0x00000088                __trampolines_start = .
 *(.trampolines)
 .trampolines   0x00000088        0x0 linker stubs
 *(.trampolines*)
                0x00000088                __trampolines_end = .
 *(.progmem*)
 .progmem.data  0x00000088       0x9c Descriptors.o
                0x00000088                ProductString
                0x000000c2                ManufacturerString
                0x000000d0                LanguageString
                0x000000d4                ConfigurationDescriptor
                0x00000112                DeviceDescriptor
                0x00000124                . = ALIGN (0x2)
 *(.jumptables)
 *(.jumptables*)
 *(.lowtext)
 *(.lowtext*)
                0x00000124                __ctors_start = .
 *(.ctors)
                0x00000124                __ctors_end = .
                0x00000124                __dtors_start = .
 *(.dtors)
                0x00000124                __dtors_end = .
 SORT(*)(.ctors)
 SORT(*)(.dtors)
 *(.init0)
 .init0         0x00000124        0x0 /usr/local/CrossPack-AVR-20131216/lib/gcc/avr/4.8.1/../../../../avr/lib/avr35/crtm16u2.o
                0x00000124                __init
 *(.init0)
 *(.init1)
 *(.init1)
 *(.init2)
 .init2         0x00000124        0xc /usr/local/CrossPack-AVR-20131216/lib/gcc/avr/4.8.1/../../../../avr/lib/avr35/crtm16u2.o
 *(.init2)
 *(.init3)
 *(.init3)
 *(.init4)
 .init4         0x00000130       0x16 /usr/local/CrossPack-AVR-20131216/lib/gcc/avr/4.8.1/avr35/libgcc.a(_copy_data.o)
                0x00000130                __do_copy_data
 .init4         0x00000146       0x10 /usr/local/CrossPack-AVR-20131216/lib/gcc/avr/4.8.1/avr35/libgcc.a(_clear_bss.o)
                0x00000146                __do_clear_bss
 *(.init4)
 *(.init5)
 *(.init5)
 *(.init6)
 *(.init6)
 *(.init7)
 *(.init7)
 *(.init8)
 *(.init8)
 *(.init9)
 .init9         0x00000156        0x4 /usr/local/CrossPack-AVR-20131216/lib/gcc/avr/4.8.1/../../../../avr/lib/avr35/crtm16u2.o
 *(.init9)
 *(.text)
 .text          0x0000015a        0x2 /usr/local/CrossPack-AVR-20131216/lib/gcc/avr/4.8.1/../../../../avr/lib/avr35/crtm16u2.o
                0x0000015a                __vector_20
                0x0000015a                __vector_28
                0x0000015a                __vector_1
                0x0000015a                __vector_24
                0x0000015a                __bad_interrupt
                0x0000015a                __vector_6
                0x0000015a                __vector_3
                0x0000015a                __vector_23
                0x0000015a                __vector_25
                0x0000015a                __vector_13
                0x0000015a                __vector_17
                0x0000015a                __vector_19
                0x0000015a                __vector_7
                0x0000015a                __vector_27
                0x0000015a                __vector_5
                0x0000015a                __vector_4
                0x0000015a                __vector_9
                0x0000015a                __vector_2
                0x0000015a                __vector_21
                0x0000015a                __vector_15
                0x0000015a                __vector_8
                0x0000015a                __vector_26
                0x0000015a                __vector_14
                0x0000015a                __vector_10
                0x0000015a                __vector_16
                0x0000015a                __vector_18
                0x0000015a                __vector_22
                0x0000015c                . = ALIGN (0x2)
 *(.text.*)
 .text.startup.main
                0x0000015c       0x66 RNG.o
                0x0000015c                main
 .text.EVENT_USB_Device_Connect
                0x000001c2        0x4 RNG.o
                0x000001c2                EVENT_USB_Device_Connect
 .text.EVENT_USB_Device_Disconnect
                0x000001c6        0x4 RNG.o
                0x000001c6                EVENT_USB_Device_Disconnect
 .text.EVENT_USB_Device_ConfigurationChanged
                0x000001ca       0x12 RNG.o
                0x000001ca                EVENT_USB_Device_ConfigurationChanged
 .text.EVENT_USB_Device_ControlRequest
                0x000001dc        0x6 RNG.o
                0x000001dc                EVENT_USB_Device_ControlRequest
 .text.CALLBACK_USB_GetDescriptor
                0x000001e2       0x64 Descriptors.o
                0x000001e2                CALLBACK_USB_GetDescriptor
 .text.Endpoint_Write_Control_Stream_LE
                0x00000246       0xbe ../../LUFA/LUFA/Drivers/USB/Core/AVR8/EndpointStream_AVR8.o
                0x00000246                Endpoint_Write_Control_Stream_LE
 .text.Endpoint_Write_Control_PStream_LE
                0x00000304       0xc0 ../../LUFA/LUFA/Drivers/USB/Core/AVR8/EndpointStream_AVR8.o
                0x00000304                Endpoint_Write_Control_PStream_LE
 .text.Endpoint_ConfigureEndpoint_Prv
                0x000003c4       0x6a ../../LUFA/LUFA/Drivers/USB/Core/AVR8/Endpoint_AVR8.o
                0x000003c4                Endpoint_ConfigureEndpoint_Prv
 .text.Endpoint_ConfigureEndpointTable
                0x0000042e       0x78 ../../LUFA/LUFA/Drivers/USB/Core/AVR8/Endpoint_AVR8.o
                0x0000042e                Endpoint_ConfigureEndpointTable
 .text.Endpoint_ClearStatusStage
                0x000004a6       0x42 ../../LUFA/LUFA/Drivers/USB/Core/AVR8/Endpoint_AVR8.o
                0x000004a6                Endpoint_ClearStatusStage
 .text.Endpoint_WaitUntilReady
                0x000004e8       0x60 ../../LUFA/LUFA/Drivers/USB/Core/AVR8/Endpoint_AVR8.o
                0x000004e8                Endpoint_WaitUntilReady
 .text.USB_ResetInterface
                0x00000548       0x72 ../../LUFA/LUFA/Drivers/USB/Core/AVR8/USBController_AVR8.o
                0x00000548                USB_ResetInterface
 .text.USB_Init
                0x000005ba       0x12 ../../LUFA/LUFA/Drivers/USB/Core/AVR8/USBController_AVR8.o
                0x000005ba                USB_Init
 .text.USB_INT_DisableAllInterrupts
                0x000005cc        0x6 ../../LUFA/LUFA/Drivers/USB/Core/AVR8/USBInterrupt_AVR8.o
                0x000005cc                USB_INT_DisableAllInterrupts
 .text.USB_INT_ClearAllInterrupts
                0x000005d2        0x6 ../../LUFA/LUFA/Drivers/USB/Core/AVR8/USBInterrupt_AVR8.o
                0x000005d2                USB_INT_ClearAllInterrupts
 .text.__vector_11
                0x000005d8      0x152 ../../LUFA/LUFA/Drivers/USB/Core/AVR8/USBInterrupt_AVR8.o
                0x000005d8                __vector_11
 .text.__vector_12
                0x0000072a       0x76 ../../LUFA/LUFA/Drivers/USB/Core/AVR8/USBInterrupt_AVR8.o
                0x0000072a                __vector_12
 .text.USB_Device_ProcessControlRequest
                0x000007a0      0x28a ../../LUFA/LUFA/Drivers/USB/Core/DeviceStandardReq.o
                0x000007a0                USB_Device_ProcessControlRequest
 .text.USB_Event_Stub
                0x00000a2a        0x2 ../../LUFA/LUFA/Drivers/USB/Core/Events.o
                0x00000a2a                EVENT_USB_Device_WakeUp
                0x00000a2a                USB_Event_Stub
                0x00000a2a                EVENT_USB_Device_Suspend
                0x00000a2a                EVENT_USB_Device_StartOfFrame
                0x00000a2a                EVENT_USB_Device_Reset
 .text.USB_USBTask
                0x00000a2c       0x38 ../../LUFA/LUFA/Drivers/USB/Core/USBTask.o
                0x00000a2c                USB_USBTask
 .text.CDC_Device_ConfigureEndpoints
                0x00000a64       0x4a ../../LUFA/LUFA/Drivers/USB/Class/Device/CDCClassDevice.o
                0x00000a64                CDC_Device_ConfigureEndpoints
 .text.CDC_Device_SendByte
                0x00000aae       0x4e ../../LUFA/LUFA/Drivers/USB/Class/Device/CDCClassDevice.o
                0x00000aae                CDC_Device_SendByte
 .text.CDC_Device_putchar
                0x00000afc       0x20 ../../LUFA/LUFA/Drivers/USB/Class/Device/CDCClassDevice.o
 .text.CDC_Device_Flush
                0x00000b1c       0x54 ../../LUFA/LUFA/Drivers/USB/Class/Device/CDCClassDevice.o
                0x00000b1c                CDC_Device_Flush
 .text.CDC_Device_USBTask
                0x00000b70       0x2c ../../LUFA/LUFA/Drivers/USB/Class/Device/CDCClassDevice.o
                0x00000b70                CDC_Device_USBTask
 .text.CDC_Device_ReceiveByte
                0x00000b9c       0x5a ../../LUFA/LUFA/Drivers/USB/Class/Device/CDCClassDevice.o
                0x00000b9c                CDC_Device_ReceiveByte
 .text.CDC_Device_getchar
                0x00000bf6       0x12 ../../LUFA/LUFA/Drivers/USB/Class/Device/CDCClassDevice.o
 .text.CDC_Device_CreateStream
                0x00000c08       0x26 ../../LUFA/LUFA/Drivers/USB/Class/Device/CDCClassDevice.o
                0x00000c08                CDC_Device_CreateStream
 .text.CDC_Device_Event_Stub
                0x00000c2e        0x2 ../../LUFA/LUFA/Drivers/USB/Class/Device/CDCClassDevice.o
                0x00000c2e                EVENT_CDC_Device_LineEncodingChanged
                0x00000c2e                EVENT_CDC_Device_ControLineStateChanged
                0x00000c2e                EVENT_CDC_Device_BreakSent
                0x00000c2e                CDC_Device_Event_Stub
 .text.CDC_Device_ProcessControlRequest
                0x00000c30      0x160 ../../LUFA/LUFA/Drivers/USB/Class/Device/CDCClassDevice.o
                0x00000c30                CDC_Device_ProcessControlRequest
 .text.libgcc   0x00000d90        0xc /usr/local/CrossPack-AVR-20131216/lib/gcc/avr/4.8.1/avr35/libgcc.a(_tablejump.o)
                0x00000d90                __tablejump2__
                0x00000d94                __tablejump__
 .text.avr-libc
                0x00000d9c       0x64 /usr/local/CrossPack-AVR-20131216/lib/gcc/avr/4.8.1/../../../../avr/lib/avr35/libc.a(fputc.o)
                0x00000d9c                fputc
                0x00000e00                . = ALIGN (0x2)
 *(.fini9)
 .fini9         0x00000e00        0x0 /usr/local/CrossPack-AVR-20131216/lib/gcc/avr/4.8.1/avr35/libgcc.a(_exit.o)
                0x00000e00                exit
                0x00000e00                _exit
 *(.fini9)
 *(.fini8)
 *(.fini8)
 *(.fini7)
 *(.fini7)
 *(.fini6)
 *(.fini6)
 *(.fini5)
 *(.fini5)
 *(.fini4)
 *(.fini4)
 *(.fini3)
 *(.fini3)
 *(.fini2)
 *(.fini2)
 *(.fini1)
 *(.fini1)
 *(.fini0)
 .fini0         0x00000e00        0x4 /usr/local/CrossPack-AVR-20131216/lib/gcc/avr/4.8.1/avr35/libgcc.a(_exit.o)
 *(.fini0)
                0x00000e04                _etext = .

.data           0x00800100       0x1c load address 0x00000e04
                0x00800100                PROVIDE (__data_start, .)
 *(.data)
 .data          0x00800100        0x0 /usr/local/CrossPack-AVR-20131216/lib/gcc/avr/4.8.1/../../../../avr/lib/avr35/crtm16u2.o
 .data          0x00800100       0x1b RNG.o
                0x00800100                VirtualSerial_CDC_Interface
 .data          0x0080011b        0x0 Descriptors.o
 .data          0x0080011b        0x0 ../../LUFA/LUFA/Drivers/USB/Class/Common/HIDParser.o
 .data          0x0080011b        0x0 ../../LUFA/LUFA/Drivers/USB/Core/AVR8/Device_AVR8.o
 .data          0x0080011b        0x0 ../../LUFA/LUFA/Drivers/USB/Core/AVR8/EndpointStream_AVR8.o
 .data          0x0080011b        0x0 ../../LUFA/LUFA/Drivers/USB/Core/AVR8/Endpoint_AVR8.o
 .data          0x0080011b        0x0 ../../LUFA/LUFA/Drivers/USB/Core/AVR8/Host_AVR8.o
 .data          0x0080011b        0x0 ../../LUFA/LUFA/Drivers/USB/Core/AVR8/PipeStream_AVR8.o
 .data          0x0080011b        0x0 ../../LUFA/LUFA/Drivers/USB/Core/AVR8/Pipe_AVR8.o
 .data          0x0080011b        0x0 ../../LUFA/LUFA/Drivers/USB/Core/AVR8/USBController_AVR8.o
 .data          0x0080011b        0x0 ../../LUFA/LUFA/Drivers/USB/Core/AVR8/USBInterrupt_AVR8.o
 .data          0x0080011b        0x0 ../../LUFA/LUFA/Drivers/USB/Core/ConfigDescriptors.o
 .data          0x0080011b        0x0 ../../LUFA/LUFA/Drivers/USB/Core/DeviceStandardReq.o
 .data          0x0080011b        0x0 ../../LUFA/LUFA/Drivers/USB/Core/Events.o
 .data          0x0080011b        0x0 ../../LUFA/LUFA/Drivers/USB/Core/HostStandardReq.o
 .data          0x0080011b        0x0 ../../LUFA/LUFA/Drivers/USB/Core/USBTask.o
 .data          0x0080011b        0x0 ../../LUFA/LUFA/Drivers/USB/Class/Device/AudioClassDevice.o
 .data          0x0080011b        0x0 ../../LUFA/LUFA/Drivers/USB/Class/Device/CDCClassDevice.o
 .data          0x0080011b        0x0 ../../LUFA/LUFA/Drivers/USB/Class/Device/HIDClassDevice.o
 .data          0x0080011b        0x0 ../../LUFA/LUFA/Drivers/USB/Class/Device/MassStorageClassDevice.o
 .data          0x0080011b        0x0 ../../LUFA/LUFA/Drivers/USB/Class/Device/MIDIClassDevice.o
 .data          0x0080011b        0x0 ../../LUFA/LUFA/Drivers/USB/Class/Device/PrinterClassDevice.o
 .data          0x0080011b        0x0 ../../LUFA/LUFA/Drivers/USB/Class/Device/RNDISClassDevice.o
 .data          0x0080011b        0x0 ../../LUFA/LUFA/Drivers/USB/Class/Host/AndroidAccessoryClassHost.o
 .data          0x0080011b        0x0 ../../LUFA/LUFA/Drivers/USB/Class/Host/AudioClassHost.o
 .data          0x0080011b        0x0 ../../LUFA/LUFA/Drivers/USB/Class/Host/CDCClassHost.o
 .data          0x0080011b        0x0 ../../LUFA/LUFA/Drivers/USB/Class/Host/HIDClassHost.o
 .data          0x0080011b        0x0 ../../LUFA/LUFA/Drivers/USB/Class/Host/MassStorageClassHost.o
 .data          0x0080011b        0x0 ../../LUFA/LUFA/Drivers/USB/Class/Host/MIDIClassHost.o
 .data          0x0080011b        0x0 ../../LUFA/LUFA/Drivers/USB/Class/Host/PrinterClassHost.o
 .data          0x0080011b        0x0 ../../LUFA/LUFA/Drivers/USB/Class/Host/RNDISClassHost.o
 .data          0x0080011b        0x0 ../../LUFA/LUFA/Drivers/USB/Class/Host/StillImageClassHost.o
 .data          0x0080011b        0x0 /usr/local/CrossPack-AVR-20131216/lib/gcc/avr/4.8.1/avr35/libgcc.a(_mulhi3.o)
 .data          0x0080011b        0x0 /usr/local/CrossPack-AVR-20131216/lib/gcc/avr/4.8.1/avr35/libgcc.a(_exit.o)
 .data          0x0080011b        0x0 /usr/local/CrossPack-AVR-20131216/lib/gcc/avr/4.8.1/avr35/libgcc.a(_tablejump.o)
 .data          0x0080011b        0x0 /usr/local/CrossPack-AVR-20131216/lib/gcc/avr/4.8.1/avr35/libgcc.a(_copy_data.o)
 .data          0x0080011b        0x0 /usr/local/CrossPack-AVR-20131216/lib/gcc/avr/4.8.1/avr35/libgcc.a(_clear_bss.o)
 .data          0x0080011b        0x0 /usr/local/CrossPack-AVR-20131216/lib/gcc/avr/4.8.1/../../../../avr/lib/avr35/libc.a(memcpy_P.o)
 .data          0x0080011b        0x0 /usr/local/CrossPack-AVR-20131216/lib/gcc/avr/4.8.1/../../../../avr/lib/avr35/libc.a(memcmp.o)
 .data          0x0080011b        0x0 /usr/local/CrossPack-AVR-20131216/lib/gcc/avr/4.8.1/../../../../avr/lib/avr35/libc.a(memcpy.o)
 .data          0x0080011b        0x0 /usr/local/CrossPack-AVR-20131216/lib/gcc/avr/4.8.1/../../../../avr/lib/avr35/libc.a(memset.o)
 .data          0x0080011b        0x0 /usr/local/CrossPack-AVR-20131216/lib/gcc/avr/4.8.1/../../../../avr/lib/avr35/libc.a(fputc.o)
 .data          0x0080011b        0x0 /usr/local/CrossPack-AVR-20131216/lib/gcc/avr/4.8.1/../../../../avr/lib/avr35/libc.a(eerd_byte_atmega16u2.o)
 .data          0x0080011b        0x0 /usr/local/CrossPack-AVR-20131216/lib/gcc/avr/4.8.1/../../../../avr/lib/avr35/libc.a(eeupd_byte_atmega16u2.o)
 *(.data*)
 *(.rodata)
 *(.rodata*)
 *(.gnu.linkonce.d*)
                0x0080011c                . = ALIGN (0x2)
 *fill*         0x0080011b        0x1 
                0x0080011c                _edata = .
                0x0080011c                PROVIDE (__data_end, .)

.bss            0x0080011c       0x1d
                0x0080011c                PROVIDE (__bss_start, .)
 *(.bss)
 .bss           0x0080011c       0x10 RNG.o
                0x0080011c                buffer
                0x0080011d                count
 *(.bss*)
 *(COMMON)
 COMMON         0x0080012c        0x3 ../../LUFA/LUFA/Drivers/USB/Core/DeviceStandardReq.o
                0x0080012c                USB_Device_ConfigurationNumber
                0x0080012d                USB_Device_CurrentlySelfPowered
                0x0080012e                USB_Device_RemoteWakeupEnabled
 COMMON         0x0080012f        0xa ../../LUFA/LUFA/Drivers/USB/Core/USBTask.o
                0x0080012f                USB_IsInitialized
                0x00800130                USB_DeviceState
                0x00800131                USB_ControlRequest
                0x00800139                PROVIDE (__bss_end, .)
                0x00000e04                __data_load_start = LOADADDR (.data)
                0x00000e20                __data_load_end = (__data_load_start + SIZEOF (.data))

.noinit         0x00800139        0x0
                0x00800139                PROVIDE (__noinit_start, .)
 *(.noinit*)
                0x00800139                PROVIDE (__noinit_end, .)
                0x00800139                _end = .
                0x00800139                PROVIDE (__heap_start, .)

.eeprom         0x00810000        0x0
 *(.eeprom*)
                0x00810000                __eeprom_end = .

.fuse
 *(.fuse)
 *(.lfuse)
 *(.hfuse)
 *(.efuse)

.lock
 *(.lock*)

.signature
 *(.signature*)

.user_signatures
 *(.user_signatures*)

.stab
 *(.stab)

.stabstr
 *(.stabstr)

.stab.excl
 *(.stab.excl)

.stab.exclstr
 *(.stab.exclstr)

.stab.index
 *(.stab.index)

.stab.indexstr
 *(.stab.indexstr)

.comment        0x00000000       0x11
 *(.comment)
 .comment       0x00000000       0x11 RNG.o
                                 0x12 (size before relaxing)
 .comment       0x00000000       0x12 Descriptors.o
 .comment       0x00000000       0x12 ../../LUFA/LUFA/Drivers/USB/Class/Common/HIDParser.o
 .comment       0x00000000       0x12 ../../LUFA/LUFA/Drivers/USB/Core/AVR8/Device_AVR8.o
 .comment       0x00000000       0x12 ../../LUFA/LUFA/Drivers/USB/Core/AVR8/EndpointStream_AVR8.o
 .comment       0x00000000       0x12 ../../LUFA/LUFA/Drivers/USB/Core/AVR8/Endpoint_AVR8.o
 .comment       0x00000000       0x12 ../../LUFA/LUFA/Drivers/USB/Core/AVR8/Host_AVR8.o
 .comment       0x00000000       0x12 ../../LUFA/LUFA/Drivers/USB/Core/AVR8/PipeStream_AVR8.o
 .comment       0x00000000       0x12 ../../LUFA/LUFA/Drivers/USB/Core/AVR8/Pipe_AVR8.o
 .comment       0x00000000       0x12 ../../LUFA/LUFA/Drivers/USB/Core/AVR8/USBController_AVR8.o
 .comment       0x00000000       0x12 ../../LUFA/LUFA/Drivers/USB/Core/AVR8/USBInterrupt_AVR8.o
 .comment       0x00000000       0x12 ../../LUFA/LUFA/Drivers/USB/Core/ConfigDescriptors.o
 .comment       0x00000000       0x12 ../../LUFA/LUFA/Drivers/USB/Core/DeviceStandardReq.o
 .comment       0x00000000       0x12 ../../LUFA/LUFA/Drivers/USB/Core/Events.o
 .comment       0x00000000       0x12 ../../LUFA/LUFA/Drivers/USB/Core/HostStandardReq.o
 .comment       0x00000000       0x12 ../../LUFA/LUFA/Drivers/USB/Core/USBTask.o
 .comment       0x00000000       0x12 ../../LUFA/LUFA/Drivers/USB/Class/Device/AudioClassDevice.o
 .comment       0x00000000       0x12 ../../LUFA/LUFA/Drivers/USB/Class/Device/CDCClassDevice.o
 .comment       0x00000000       0x12 ../../LUFA/LUFA/Drivers/USB/Class/Device/HIDClassDevice.o
 .comment       0x00000000       0x12 ../../LUFA/LUFA/Drivers/USB/Class/Device/MassStorageClassDevice.o
 .comment       0x00000000       0x12 ../../LUFA/LUFA/Drivers/USB/Class/Device/MIDIClassDevice.o
 .comment       0x00000000       0x12 ../../LUFA/LUFA/Drivers/USB/Class/Device/PrinterClassDevice.o
 .comment       0x00000000       0x12 ../../LUFA/LUFA/Drivers/USB/Class/Device/RNDISClassDevice.o
 .comment       0x00000000       0x12 ../../LUFA/LUFA/Drivers/USB/Class/Host/AndroidAccessoryClassHost.o
 .comment       0x00000000       0x12 ../../LUFA/LUFA/Drivers/USB/Class/Host/AudioClassHost.o
 .comment       0x00000000       0x12 ../../LUFA/LUFA/Drivers/USB/Class/Host/CDCClassHost.o
 .comment       0x00000000       0x12 ../../LUFA/LUFA/Drivers/USB/Class/Host/HIDClassHost.o
 .comment       0x00000000       0x12 ../../LUFA/LUFA/Drivers/USB/Class/Host/MassStorageClassHost.o
 .comment       0x00000000       0x12 ../../LUFA/LUFA/Drivers/USB/Class/Host/MIDIClassHost.o
 .comment       0x00000000       0x12 ../../LUFA/LUFA/Drivers/USB/Class/Host/PrinterClassHost.o
 .comment       0x00000000       0x12 ../../LUFA/LUFA/Drivers/USB/Class/Host/RNDISClassHost.o
 .comment       0x00000000       0x12 ../../LUFA/LUFA/Drivers/USB/Class/Host/StillImageClassHost.o
 .comment       0x00000000       0x12 /usr/local/CrossPack-AVR-20131216/lib/gcc/avr/4.8.1/../../../../avr/lib/avr35/libc.a(fputc.o)

.debug
 *(.debug)

.line
 *(.line)

.debug_srcinfo
 *(.debug_srcinfo)

.debug_sfnames
 *(.debug_sfnames)

.debug_aranges  0x00000000      0x6e0
 *(.debug_aranges)
 .debug_aranges
                0x00000000       0x40 RNG.o
 .debug_aranges
                0x00000040       0x20 Descriptors.o
 .debug_aranges
                0x00000060       0x38 ../../LUFA/LUFA/Drivers/USB/Class/Common/HIDParser.o
 .debug_aranges
                0x00000098       0x20 ../../LUFA/LUFA/Drivers/USB/Core/AVR8/Device_AVR8.o
 .debug_aranges
                0x000000b8       0xc8 ../../LUFA/LUFA/Drivers/USB/Core/AVR8/EndpointStream_AVR8.o
 .debug_aranges
                0x00000180       0x40 ../../LUFA/LUFA/Drivers/USB/Core/AVR8/Endpoint_AVR8.o
 .debug_aranges
                0x000001c0       0x18 ../../LUFA/LUFA/Drivers/USB/Core/AVR8/Host_AVR8.o
 .debug_aranges
                0x000001d8       0x18 ../../LUFA/LUFA/Drivers/USB/Core/AVR8/PipeStream_AVR8.o
 .debug_aranges
                0x000001f0       0x18 ../../LUFA/LUFA/Drivers/USB/Core/AVR8/Pipe_AVR8.o
 .debug_aranges
                0x00000208       0x30 ../../LUFA/LUFA/Drivers/USB/Core/AVR8/USBController_AVR8.o
 .debug_aranges
                0x00000238       0x38 ../../LUFA/LUFA/Drivers/USB/Core/AVR8/USBInterrupt_AVR8.o
 .debug_aranges
                0x00000270       0x40 ../../LUFA/LUFA/Drivers/USB/Core/ConfigDescriptors.o
 .debug_aranges
                0x000002b0       0x20 ../../LUFA/LUFA/Drivers/USB/Core/DeviceStandardReq.o
 .debug_aranges
                0x000002d0       0x20 ../../LUFA/LUFA/Drivers/USB/Core/Events.o
 .debug_aranges
                0x000002f0       0x18 ../../LUFA/LUFA/Drivers/USB/Core/HostStandardReq.o
 .debug_aranges
                0x00000308       0x20 ../../LUFA/LUFA/Drivers/USB/Core/USBTask.o
 .debug_aranges
                0x00000328       0x30 ../../LUFA/LUFA/Drivers/USB/Class/Device/AudioClassDevice.o
 .debug_aranges
                0x00000358       0x98 ../../LUFA/LUFA/Drivers/USB/Class/Device/CDCClassDevice.o
 .debug_aranges
                0x000003f0       0x30 ../../LUFA/LUFA/Drivers/USB/Class/Device/HIDClassDevice.o
 .debug_aranges
                0x00000420       0x30 ../../LUFA/LUFA/Drivers/USB/Class/Device/MassStorageClassDevice.o
 .debug_aranges
                0x00000450       0x40 ../../LUFA/LUFA/Drivers/USB/Class/Device/MIDIClassDevice.o
 .debug_aranges
                0x00000490       0x90 ../../LUFA/LUFA/Drivers/USB/Class/Device/PrinterClassDevice.o
 .debug_aranges
                0x00000520       0x48 ../../LUFA/LUFA/Drivers/USB/Class/Device/RNDISClassDevice.o
 .debug_aranges
                0x00000568       0x18 ../../LUFA/LUFA/Drivers/USB/Class/Host/AndroidAccessoryClassHost.o
 .debug_aranges
                0x00000580       0x18 ../../LUFA/LUFA/Drivers/USB/Class/Host/AudioClassHost.o
 .debug_aranges
                0x00000598       0x18 ../../LUFA/LUFA/Drivers/USB/Class/Host/CDCClassHost.o
 .debug_aranges
                0x000005b0       0x18 ../../LUFA/LUFA/Drivers/USB/Class/Host/HIDClassHost.o
 .debug_aranges
                0x000005c8       0x18 ../../LUFA/LUFA/Drivers/USB/Class/Host/MassStorageClassHost.o
 .debug_aranges
                0x000005e0       0x18 ../../LUFA/LUFA/Drivers/USB/Class/Host/MIDIClassHost.o
 .debug_aranges
                0x000005f8       0x18 ../../LUFA/LUFA/Drivers/USB/Class/Host/PrinterClassHost.o
 .debug_aranges
                0x00000610       0x18 ../../LUFA/LUFA/Drivers/USB/Class/Host/RNDISClassHost.o
 .debug_aranges
                0x00000628       0x18 ../../LUFA/LUFA/Drivers/USB/Class/Host/StillImageClassHost.o
 .debug_aranges
                0x00000640       0x20 /usr/local/CrossPack-AVR-20131216/lib/gcc/avr/4.8.1/avr35/libgcc.a(_mulhi3.o)
 .debug_aranges
                0x00000660       0x20 /usr/local/CrossPack-AVR-20131216/lib/gcc/avr/4.8.1/avr35/libgcc.a(_exit.o)
 .debug_aranges
                0x00000680       0x20 /usr/local/CrossPack-AVR-20131216/lib/gcc/avr/4.8.1/avr35/libgcc.a(_tablejump.o)
 .debug_aranges
                0x000006a0       0x20 /usr/local/CrossPack-AVR-20131216/lib/gcc/avr/4.8.1/avr35/libgcc.a(_copy_data.o)
 .debug_aranges
                0x000006c0       0x20 /usr/local/CrossPack-AVR-20131216/lib/gcc/avr/4.8.1/avr35/libgcc.a(_clear_bss.o)

.debug_pubnames
 *(.debug_pubnames)

.debug_info     0x00000000     0xa6f6
 *(.debug_info)
 .debug_info    0x00000000      0x615 RNG.o
 .debug_info    0x00000615      0x786 Descriptors.o
 .debug_info    0x00000d9b      0x741 ../../LUFA/LUFA/Drivers/USB/Class/Common/HIDParser.o
 .debug_info    0x000014dc       0xd2 ../../LUFA/LUFA/Drivers/USB/Core/AVR8/Device_AVR8.o
 .debug_info    0x000015ae     0x1757 ../../LUFA/LUFA/Drivers/USB/Core/AVR8/EndpointStream_AVR8.o
 .debug_info    0x00002d05      0x614 ../../LUFA/LUFA/Drivers/USB/Core/AVR8/Endpoint_AVR8.o
 .debug_info    0x00003319       0x56 ../../LUFA/LUFA/Drivers/USB/Core/AVR8/Host_AVR8.o
 .debug_info    0x0000336f       0x56 ../../LUFA/LUFA/Drivers/USB/Core/AVR8/PipeStream_AVR8.o
 .debug_info    0x000033c5       0x56 ../../LUFA/LUFA/Drivers/USB/Core/AVR8/Pipe_AVR8.o
 .debug_info    0x0000341b      0x46a ../../LUFA/LUFA/Drivers/USB/Core/AVR8/USBController_AVR8.o
 .debug_info    0x00003885      0x708 ../../LUFA/LUFA/Drivers/USB/Core/AVR8/USBInterrupt_AVR8.o
 .debug_info    0x00003f8d      0x3cd ../../LUFA/LUFA/Drivers/USB/Core/ConfigDescriptors.o
 .debug_info    0x0000435a      0xa57 ../../LUFA/LUFA/Drivers/USB/Core/DeviceStandardReq.o
 .debug_info    0x00004db1       0x78 ../../LUFA/LUFA/Drivers/USB/Core/Events.o
 .debug_info    0x00004e29       0x56 ../../LUFA/LUFA/Drivers/USB/Core/HostStandardReq.o
 .debug_info    0x00004e7f      0x26b ../../LUFA/LUFA/Drivers/USB/Core/USBTask.o
 .debug_info    0x000050ea      0x8fc ../../LUFA/LUFA/Drivers/USB/Class/Device/AudioClassDevice.o
 .debug_info    0x000059e6      0xe7e ../../LUFA/LUFA/Drivers/USB/Class/Device/CDCClassDevice.o
 .debug_info    0x00006864      0x9ea ../../LUFA/LUFA/Drivers/USB/Class/Device/HIDClassDevice.o
 .debug_info    0x0000724e      0x95b ../../LUFA/LUFA/Drivers/USB/Class/Device/MassStorageClassDevice.o
 .debug_info    0x00007ba9      0x62f ../../LUFA/LUFA/Drivers/USB/Class/Device/MIDIClassDevice.o
 .debug_info    0x000081d8      0xce5 ../../LUFA/LUFA/Drivers/USB/Class/Device/PrinterClassDevice.o
 .debug_info    0x00008ebd     0x1178 ../../LUFA/LUFA/Drivers/USB/Class/Device/RNDISClassDevice.o
 .debug_info    0x0000a035       0x56 ../../LUFA/LUFA/Drivers/USB/Class/Host/AndroidAccessoryClassHost.o
 .debug_info    0x0000a08b       0x56 ../../LUFA/LUFA/Drivers/USB/Class/Host/AudioClassHost.o
 .debug_info    0x0000a0e1       0x56 ../../LUFA/LUFA/Drivers/USB/Class/Host/CDCClassHost.o
 .debug_info    0x0000a137       0x56 ../../LUFA/LUFA/Drivers/USB/Class/Host/HIDClassHost.o
 .debug_info    0x0000a18d       0x56 ../../LUFA/LUFA/Drivers/USB/Class/Host/MassStorageClassHost.o
 .debug_info    0x0000a1e3       0x56 ../../LUFA/LUFA/Drivers/USB/Class/Host/MIDIClassHost.o
 .debug_info    0x0000a239       0x56 ../../LUFA/LUFA/Drivers/USB/Class/Host/PrinterClassHost.o
 .debug_info    0x0000a28f       0x56 ../../LUFA/LUFA/Drivers/USB/Class/Host/RNDISClassHost.o
 .debug_info    0x0000a2e5       0x56 ../../LUFA/LUFA/Drivers/USB/Class/Host/StillImageClassHost.o
 .debug_info    0x0000a33b       0xbf /usr/local/CrossPack-AVR-20131216/lib/gcc/avr/4.8.1/avr35/libgcc.a(_mulhi3.o)
 .debug_info    0x0000a3fa       0xbf /usr/local/CrossPack-AVR-20131216/lib/gcc/avr/4.8.1/avr35/libgcc.a(_exit.o)
 .debug_info    0x0000a4b9       0xbf /usr/local/CrossPack-AVR-20131216/lib/gcc/avr/4.8.1/avr35/libgcc.a(_tablejump.o)
 .debug_info    0x0000a578       0xbf /usr/local/CrossPack-AVR-20131216/lib/gcc/avr/4.8.1/avr35/libgcc.a(_copy_data.o)
 .debug_info    0x0000a637       0xbf /usr/local/CrossPack-AVR-20131216/lib/gcc/avr/4.8.1/avr35/libgcc.a(_clear_bss.o)
 *(.gnu.linkonce.wi.*)

.debug_abbrev   0x00000000     0x2b50
 *(.debug_abbrev)
 .debug_abbrev  0x00000000      0x2d5 RNG.o
 .debug_abbrev  0x000002d5      0x14e Descriptors.o
 .debug_abbrev  0x00000423      0x22d ../../LUFA/LUFA/Drivers/USB/Class/Common/HIDParser.o
 .debug_abbrev  0x00000650       0x80 ../../LUFA/LUFA/Drivers/USB/Core/AVR8/Device_AVR8.o
 .debug_abbrev  0x000006d0      0x213 ../../LUFA/LUFA/Drivers/USB/Core/AVR8/EndpointStream_AVR8.o
 .debug_abbrev  0x000008e3      0x222 ../../LUFA/LUFA/Drivers/USB/Core/AVR8/Endpoint_AVR8.o
 .debug_abbrev  0x00000b05       0x26 ../../LUFA/LUFA/Drivers/USB/Core/AVR8/Host_AVR8.o
 .debug_abbrev  0x00000b2b       0x26 ../../LUFA/LUFA/Drivers/USB/Core/AVR8/PipeStream_AVR8.o
 .debug_abbrev  0x00000b51       0x26 ../../LUFA/LUFA/Drivers/USB/Core/AVR8/Pipe_AVR8.o
 .debug_abbrev  0x00000b77      0x18d ../../LUFA/LUFA/Drivers/USB/Core/AVR8/USBController_AVR8.o
 .debug_abbrev  0x00000d04      0x234 ../../LUFA/LUFA/Drivers/USB/Core/AVR8/USBInterrupt_AVR8.o
 .debug_abbrev  0x00000f38      0x183 ../../LUFA/LUFA/Drivers/USB/Core/ConfigDescriptors.o
 .debug_abbrev  0x000010bb      0x2d8 ../../LUFA/LUFA/Drivers/USB/Core/DeviceStandardReq.o
 .debug_abbrev  0x00001393       0x44 ../../LUFA/LUFA/Drivers/USB/Core/Events.o
 .debug_abbrev  0x000013d7       0x26 ../../LUFA/LUFA/Drivers/USB/Core/HostStandardReq.o
 .debug_abbrev  0x000013fd      0x168 ../../LUFA/LUFA/Drivers/USB/Core/USBTask.o
 .debug_abbrev  0x00001565      0x20c ../../LUFA/LUFA/Drivers/USB/Class/Device/AudioClassDevice.o
 .debug_abbrev  0x00001771      0x41d ../../LUFA/LUFA/Drivers/USB/Class/Device/CDCClassDevice.o
 .debug_abbrev  0x00001b8e      0x26b ../../LUFA/LUFA/Drivers/USB/Class/Device/HIDClassDevice.o
 .debug_abbrev  0x00001df9      0x2a8 ../../LUFA/LUFA/Drivers/USB/Class/Device/MassStorageClassDevice.o
 .debug_abbrev  0x000020a1      0x243 ../../LUFA/LUFA/Drivers/USB/Class/Device/MIDIClassDevice.o
 .debug_abbrev  0x000022e4      0x343 ../../LUFA/LUFA/Drivers/USB/Class/Device/PrinterClassDevice.o
 .debug_abbrev  0x00002627      0x36f ../../LUFA/LUFA/Drivers/USB/Class/Device/RNDISClassDevice.o
 .debug_abbrev  0x00002996       0x26 ../../LUFA/LUFA/Drivers/USB/Class/Host/AndroidAccessoryClassHost.o
 .debug_abbrev  0x000029bc       0x26 ../../LUFA/LUFA/Drivers/USB/Class/Host/AudioClassHost.o
 .debug_abbrev  0x000029e2       0x26 ../../LUFA/LUFA/Drivers/USB/Class/Host/CDCClassHost.o
 .debug_abbrev  0x00002a08       0x26 ../../LUFA/LUFA/Drivers/USB/Class/Host/HIDClassHost.o
 .debug_abbrev  0x00002a2e       0x26 ../../LUFA/LUFA/Drivers/USB/Class/Host/MassStorageClassHost.o
 .debug_abbrev  0x00002a54       0x26 ../../LUFA/LUFA/Drivers/USB/Class/Host/MIDIClassHost.o
 .debug_abbrev  0x00002a7a       0x26 ../../LUFA/LUFA/Drivers/USB/Class/Host/PrinterClassHost.o
 .debug_abbrev  0x00002aa0       0x26 ../../LUFA/LUFA/Drivers/USB/Class/Host/RNDISClassHost.o
 .debug_abbrev  0x00002ac6       0x26 ../../LUFA/LUFA/Drivers/USB/Class/Host/StillImageClassHost.o
 .debug_abbrev  0x00002aec       0x14 /usr/local/CrossPack-AVR-20131216/lib/gcc/avr/4.8.1/avr35/libgcc.a(_mulhi3.o)
 .debug_abbrev  0x00002b00       0x14 /usr/local/CrossPack-AVR-20131216/lib/gcc/avr/4.8.1/avr35/libgcc.a(_exit.o)
 .debug_abbrev  0x00002b14       0x14 /usr/local/CrossPack-AVR-20131216/lib/gcc/avr/4.8.1/avr35/libgcc.a(_tablejump.o)
 .debug_abbrev  0x00002b28       0x14 /usr/local/CrossPack-AVR-20131216/lib/gcc/avr/4.8.1/avr35/libgcc.a(_copy_data.o)
 .debug_abbrev  0x00002b3c       0x14 /usr/local/CrossPack-AVR-20131216/lib/gcc/avr/4.8.1/avr35/libgcc.a(_clear_bss.o)

.debug_line     0x00000000     0x5f67
 *(.debug_line)
 .debug_line    0x00000000      0x336 RNG.o
 .debug_line    0x00000336      0x1ff Descriptors.o
 .debug_line    0x00000535      0x596 ../../LUFA/LUFA/Drivers/USB/Class/Common/HIDParser.o
 .debug_line    0x00000acb      0x127 ../../LUFA/LUFA/Drivers/USB/Core/AVR8/Device_AVR8.o
 .debug_line    0x00000bf2     0x147f ../../LUFA/LUFA/Drivers/USB/Core/AVR8/EndpointStream_AVR8.o
 .debug_line    0x00002071      0x4a6 ../../LUFA/LUFA/Drivers/USB/Core/AVR8/Endpoint_AVR8.o
 .debug_line    0x00002517       0x1a ../../LUFA/LUFA/Drivers/USB/Core/AVR8/Host_AVR8.o
 .debug_line    0x00002531       0x1a ../../LUFA/LUFA/Drivers/USB/Core/AVR8/PipeStream_AVR8.o
 .debug_line    0x0000254b       0x1a ../../LUFA/LUFA/Drivers/USB/Core/AVR8/Pipe_AVR8.o
 .debug_line    0x00002565      0x2c8 ../../LUFA/LUFA/Drivers/USB/Core/AVR8/USBController_AVR8.o
 .debug_line    0x0000282d      0x4a7 ../../LUFA/LUFA/Drivers/USB/Core/AVR8/USBInterrupt_AVR8.o
 .debug_line    0x00002cd4      0x1fd ../../LUFA/LUFA/Drivers/USB/Core/ConfigDescriptors.o
 .debug_line    0x00002ed1      0x485 ../../LUFA/LUFA/Drivers/USB/Core/DeviceStandardReq.o
 .debug_line    0x00003356       0x57 ../../LUFA/LUFA/Drivers/USB/Core/Events.o
 .debug_line    0x000033ad       0x1a ../../LUFA/LUFA/Drivers/USB/Core/HostStandardReq.o
 .debug_line    0x000033c7      0x17c ../../LUFA/LUFA/Drivers/USB/Core/USBTask.o
 .debug_line    0x00003543      0x40c ../../LUFA/LUFA/Drivers/USB/Class/Device/AudioClassDevice.o
 .debug_line    0x0000394f      0x806 ../../LUFA/LUFA/Drivers/USB/Class/Device/CDCClassDevice.o
 .debug_line    0x00004155      0x51d ../../LUFA/LUFA/Drivers/USB/Class/Device/HIDClassDevice.o
 .debug_line    0x00004672      0x4ba ../../LUFA/LUFA/Drivers/USB/Class/Device/MassStorageClassDevice.o
 .debug_line    0x00004b2c      0x3a0 ../../LUFA/LUFA/Drivers/USB/Class/Device/MIDIClassDevice.o
 .debug_line    0x00004ecc      0x6ce ../../LUFA/LUFA/Drivers/USB/Class/Device/PrinterClassDevice.o
 .debug_line    0x0000559a      0x709 ../../LUFA/LUFA/Drivers/USB/Class/Device/RNDISClassDevice.o
 .debug_line    0x00005ca3       0x1a ../../LUFA/LUFA/Drivers/USB/Class/Host/AndroidAccessoryClassHost.o
 .debug_line    0x00005cbd       0x1a ../../LUFA/LUFA/Drivers/USB/Class/Host/AudioClassHost.o
 .debug_line    0x00005cd7       0x1a ../../LUFA/LUFA/Drivers/USB/Class/Host/CDCClassHost.o
 .debug_line    0x00005cf1       0x1a ../../LUFA/LUFA/Drivers/USB/Class/Host/HIDClassHost.o
 .debug_line    0x00005d0b       0x1a ../../LUFA/LUFA/Drivers/USB/Class/Host/MassStorageClassHost.o
 .debug_line    0x00005d25       0x1a ../../LUFA/LUFA/Drivers/USB/Class/Host/MIDIClassHost.o
 .debug_line    0x00005d3f       0x1a ../../LUFA/LUFA/Drivers/USB/Class/Host/PrinterClassHost.o
 .debug_line    0x00005d59       0x1a ../../LUFA/LUFA/Drivers/USB/Class/Host/RNDISClassHost.o
 .debug_line    0x00005d73       0x1a ../../LUFA/LUFA/Drivers/USB/Class/Host/StillImageClassHost.o
 .debug_line    0x00005d8d       0x67 /usr/local/CrossPack-AVR-20131216/lib/gcc/avr/4.8.1/avr35/libgcc.a(_mulhi3.o)
 .debug_line    0x00005df4       0x58 /usr/local/CrossPack-AVR-20131216/lib/gcc/avr/4.8.1/avr35/libgcc.a(_exit.o)
 .debug_line    0x00005e4c       0x5c /usr/local/CrossPack-AVR-20131216/lib/gcc/avr/4.8.1/avr35/libgcc.a(_tablejump.o)
 .debug_line    0x00005ea8       0x61 /usr/local/CrossPack-AVR-20131216/lib/gcc/avr/4.8.1/avr35/libgcc.a(_copy_data.o)
 .debug_line    0x00005f09       0x5e /usr/local/CrossPack-AVR-20131216/lib/gcc/avr/4.8.1/avr35/libgcc.a(_clear_bss.o)

.debug_frame    0x00000000      0xee8
 *(.debug_frame)
 .debug_frame   0x00000000       0x64 RNG.o
 .debug_frame   0x00000064       0x24 Descriptors.o
 .debug_frame   0x00000088      0x114 ../../LUFA/LUFA/Drivers/USB/Class/Common/HIDParser.o
 .debug_frame   0x0000019c       0x24 ../../LUFA/LUFA/Drivers/USB/Core/AVR8/Device_AVR8.o
 .debug_frame   0x000001c0      0x3b4 ../../LUFA/LUFA/Drivers/USB/Core/AVR8/EndpointStream_AVR8.o
 .debug_frame   0x00000574       0x78 ../../LUFA/LUFA/Drivers/USB/Core/AVR8/Endpoint_AVR8.o
 .debug_frame   0x000005ec       0x44 ../../LUFA/LUFA/Drivers/USB/Core/AVR8/USBController_AVR8.o
 .debug_frame   0x00000630       0xe8 ../../LUFA/LUFA/Drivers/USB/Core/AVR8/USBInterrupt_AVR8.o
 .debug_frame   0x00000718      0x108 ../../LUFA/LUFA/Drivers/USB/Core/ConfigDescriptors.o
 .debug_frame   0x00000820       0x3c ../../LUFA/LUFA/Drivers/USB/Core/DeviceStandardReq.o
 .debug_frame   0x0000085c       0x24 ../../LUFA/LUFA/Drivers/USB/Core/Events.o
 .debug_frame   0x00000880       0x2c ../../LUFA/LUFA/Drivers/USB/Core/USBTask.o
 .debug_frame   0x000008ac       0xa8 ../../LUFA/LUFA/Drivers/USB/Class/Device/AudioClassDevice.o
 .debug_frame   0x00000954      0x168 ../../LUFA/LUFA/Drivers/USB/Class/Device/CDCClassDevice.o
 .debug_frame   0x00000abc       0xe4 ../../LUFA/LUFA/Drivers/USB/Class/Device/HIDClassDevice.o
 .debug_frame   0x00000ba0       0x80 ../../LUFA/LUFA/Drivers/USB/Class/Device/MassStorageClassDevice.o
 .debug_frame   0x00000c20       0x70 ../../LUFA/LUFA/Drivers/USB/Class/Device/MIDIClassDevice.o
 .debug_frame   0x00000c90      0x144 ../../LUFA/LUFA/Drivers/USB/Class/Device/PrinterClassDevice.o
 .debug_frame   0x00000dd4      0x114 ../../LUFA/LUFA/Drivers/USB/Class/Device/RNDISClassDevice.o

.debug_str      0x00000000     0x3d94
 *(.debug_str)
 .debug_str     0x00000000      0x4cd RNG.o
                                0x548 (size before relaxing)
 .debug_str     0x000004cd      0x90a Descriptors.o
                                0xb61 (size before relaxing)
 .debug_str     0x00000dd7      0x49a ../../LUFA/LUFA/Drivers/USB/Class/Common/HIDParser.o
                                0x6cc (size before relaxing)
 .debug_str     0x00001271       0x7c ../../LUFA/LUFA/Drivers/USB/Core/AVR8/Device_AVR8.o
                                0x208 (size before relaxing)
 .debug_str     0x000012ed      0x683 ../../LUFA/LUFA/Drivers/USB/Core/AVR8/EndpointStream_AVR8.o
                                0x86b (size before relaxing)
 .debug_str     0x00001970      0x2db ../../LUFA/LUFA/Drivers/USB/Core/AVR8/Endpoint_AVR8.o
                                0x62a (size before relaxing)
 .debug_str     0x00001c4b       0x32 ../../LUFA/LUFA/Drivers/USB/Core/AVR8/Host_AVR8.o
                                0x1a7 (size before relaxing)
 .debug_str     0x00001c7d       0x38 ../../LUFA/LUFA/Drivers/USB/Core/AVR8/PipeStream_AVR8.o
                                0x1ad (size before relaxing)
 .debug_str     0x00001cb5       0x32 ../../LUFA/LUFA/Drivers/USB/Core/AVR8/Pipe_AVR8.o
                                0x1a7 (size before relaxing)
 .debug_str     0x00001ce7      0x23d ../../LUFA/LUFA/Drivers/USB/Core/AVR8/USBController_AVR8.o
                                0x540 (size before relaxing)
 .debug_str     0x00001f24      0x136 ../../LUFA/LUFA/Drivers/USB/Core/AVR8/USBInterrupt_AVR8.o
                                0x595 (size before relaxing)
 .debug_str     0x0000205a      0x22c ../../LUFA/LUFA/Drivers/USB/Core/ConfigDescriptors.o
                                0x3f0 (size before relaxing)
 .debug_str     0x00002286      0x406 ../../LUFA/LUFA/Drivers/USB/Core/DeviceStandardReq.o
                                0x9dc (size before relaxing)
 .debug_str     0x0000268c       0x39 ../../LUFA/LUFA/Drivers/USB/Core/Events.o
                                0x1ae (size before relaxing)
 .debug_str     0x000026c5       0x33 ../../LUFA/LUFA/Drivers/USB/Core/HostStandardReq.o
                                0x1a8 (size before relaxing)
 .debug_str     0x000026f8       0x47 ../../LUFA/LUFA/Drivers/USB/Core/USBTask.o
                                0x38f (size before relaxing)
 .debug_str     0x0000273f      0x288 ../../LUFA/LUFA/Drivers/USB/Class/Device/AudioClassDevice.o
                                0x6c4 (size before relaxing)
 .debug_str     0x000029c7      0x27e ../../LUFA/LUFA/Drivers/USB/Class/Device/CDCClassDevice.o
                                0xa19 (size before relaxing)
 .debug_str     0x00002c45      0x257 ../../LUFA/LUFA/Drivers/USB/Class/Device/HIDClassDevice.o
                                0x716 (size before relaxing)
 .debug_str     0x00002e9c      0x269 ../../LUFA/LUFA/Drivers/USB/Class/Device/MassStorageClassDevice.o
                                0x810 (size before relaxing)
 .debug_str     0x00003105      0x11d ../../LUFA/LUFA/Drivers/USB/Class/Device/MIDIClassDevice.o
                                0x685 (size before relaxing)
 .debug_str     0x00003222      0x271 ../../LUFA/LUFA/Drivers/USB/Class/Device/PrinterClassDevice.o
                                0x94e (size before relaxing)
 .debug_str     0x00003493      0x6f6 ../../LUFA/LUFA/Drivers/USB/Class/Device/RNDISClassDevice.o
                                0xd77 (size before relaxing)
 .debug_str     0x00003b89       0x43 ../../LUFA/LUFA/Drivers/USB/Class/Host/AndroidAccessoryClassHost.o
                                0x1b8 (size before relaxing)
 .debug_str     0x00003bcc       0x38 ../../LUFA/LUFA/Drivers/USB/Class/Host/AudioClassHost.o
                                0x1ad (size before relaxing)
 .debug_str     0x00003c04       0x36 ../../LUFA/LUFA/Drivers/USB/Class/Host/CDCClassHost.o
                                0x1ab (size before relaxing)
 .debug_str     0x00003c3a       0x36 ../../LUFA/LUFA/Drivers/USB/Class/Host/HIDClassHost.o
                                0x1ab (size before relaxing)
 .debug_str     0x00003c70       0x3e ../../LUFA/LUFA/Drivers/USB/Class/Host/MassStorageClassHost.o
                                0x1b3 (size before relaxing)
 .debug_str     0x00003cae       0x37 ../../LUFA/LUFA/Drivers/USB/Class/Host/MIDIClassHost.o
                                0x1ac (size before relaxing)
 .debug_str     0x00003ce5       0x3a ../../LUFA/LUFA/Drivers/USB/Class/Host/PrinterClassHost.o
                                0x1af (size before relaxing)
 .debug_str     0x00003d1f       0x38 ../../LUFA/LUFA/Drivers/USB/Class/Host/RNDISClassHost.o
                                0x1ad (size before relaxing)
 .debug_str     0x00003d57       0x3d ../../LUFA/LUFA/Drivers/USB/Class/Host/StillImageClassHost.o
                                0x1b2 (size before relaxing)

.debug_loc      0x00000000     0x659f
 *(.debug_loc)
 .debug_loc     0x00000000       0x23 RNG.o
 .debug_loc     0x00000023      0x186 Descriptors.o
 .debug_loc     0x000001a9      0xaa0 ../../LUFA/LUFA/Drivers/USB/Class/Common/HIDParser.o
 .debug_loc     0x00000c49     0x1f7c ../../LUFA/LUFA/Drivers/USB/Core/AVR8/EndpointStream_AVR8.o
 .debug_loc     0x00002bc5      0x3fe ../../LUFA/LUFA/Drivers/USB/Core/AVR8/Endpoint_AVR8.o
 .debug_loc     0x00002fc3      0x30b ../../LUFA/LUFA/Drivers/USB/Core/AVR8/USBInterrupt_AVR8.o
 .debug_loc     0x000032ce      0x5bd ../../LUFA/LUFA/Drivers/USB/Core/ConfigDescriptors.o
 .debug_loc     0x0000388b      0x2a8 ../../LUFA/LUFA/Drivers/USB/Core/DeviceStandardReq.o
 .debug_loc     0x00003b33       0x49 ../../LUFA/LUFA/Drivers/USB/Core/USBTask.o
 .debug_loc     0x00003b7c      0x37c ../../LUFA/LUFA/Drivers/USB/Class/Device/AudioClassDevice.o
 .debug_loc     0x00003ef8      0x85b ../../LUFA/LUFA/Drivers/USB/Class/Device/CDCClassDevice.o
 .debug_loc     0x00004753      0x42b ../../LUFA/LUFA/Drivers/USB/Class/Device/HIDClassDevice.o
 .debug_loc     0x00004b7e      0x29f ../../LUFA/LUFA/Drivers/USB/Class/Device/MassStorageClassDevice.o
 .debug_loc     0x00004e1d      0x2b8 ../../LUFA/LUFA/Drivers/USB/Class/Device/MIDIClassDevice.o
 .debug_loc     0x000050d5      0x84c ../../LUFA/LUFA/Drivers/USB/Class/Device/PrinterClassDevice.o
 .debug_loc     0x00005921      0xc7e ../../LUFA/LUFA/Drivers/USB/Class/Device/RNDISClassDevice.o

.debug_macinfo
 *(.debug_macinfo)

.debug_pubtypes
 *(.debug_pubtypes)

.debug_ranges   0x00000000      0x778
 *(.debug_ranges)
 .debug_ranges  0x00000000       0x30 RNG.o
 .debug_ranges  0x00000030       0x10 Descriptors.o
 .debug_ranges  0x00000040       0xd0 ../../LUFA/LUFA/Drivers/USB/Class/Common/HIDParser.o
 .debug_ranges  0x00000110       0x10 ../../LUFA/LUFA/Drivers/USB/Core/AVR8/Device_AVR8.o
 .debug_ranges  0x00000120      0x2d0 ../../LUFA/LUFA/Drivers/USB/Core/AVR8/EndpointStream_AVR8.o
 .debug_ranges  0x000003f0       0x90 ../../LUFA/LUFA/Drivers/USB/Core/AVR8/Endpoint_AVR8.o
 .debug_ranges  0x00000480       0x20 ../../LUFA/LUFA/Drivers/USB/Core/AVR8/USBController_AVR8.o
 .debug_ranges  0x000004a0       0x28 ../../LUFA/LUFA/Drivers/USB/Core/AVR8/USBInterrupt_AVR8.o
 .debug_ranges  0x000004c8       0x30 ../../LUFA/LUFA/Drivers/USB/Core/ConfigDescriptors.o
 .debug_ranges  0x000004f8       0x40 ../../LUFA/LUFA/Drivers/USB/Core/DeviceStandardReq.o
 .debug_ranges  0x00000538       0x10 ../../LUFA/LUFA/Drivers/USB/Core/Events.o
 .debug_ranges  0x00000548       0x10 ../../LUFA/LUFA/Drivers/USB/Core/USBTask.o
 .debug_ranges  0x00000558       0x20 ../../LUFA/LUFA/Drivers/USB/Class/Device/AudioClassDevice.o
 .debug_ranges  0x00000578       0x88 ../../LUFA/LUFA/Drivers/USB/Class/Device/CDCClassDevice.o
 .debug_ranges  0x00000600       0x20 ../../LUFA/LUFA/Drivers/USB/Class/Device/HIDClassDevice.o
 .debug_ranges  0x00000620       0x20 ../../LUFA/LUFA/Drivers/USB/Class/Device/MassStorageClassDevice.o
 .debug_ranges  0x00000640       0x30 ../../LUFA/LUFA/Drivers/USB/Class/Device/MIDIClassDevice.o
 .debug_ranges  0x00000670       0x80 ../../LUFA/LUFA/Drivers/USB/Class/Device/PrinterClassDevice.o
 .debug_ranges  0x000006f0       0x88 ../../LUFA/LUFA/Drivers/USB/Class/Device/RNDISClassDevice.o

.debug_macro
 *(.debug_macro)
OUTPUT(RNG.elf elf32-avr)
LOAD linker stubs

Cross Reference Table

Symbol                                            File
Audio_Device_ConfigureEndpoints                   ../../LUFA/LUFA/Drivers/USB/Class/Device/AudioClassDevice.o
Audio_Device_Event_Stub                           ../../LUFA/LUFA/Drivers/USB/Class/Device/AudioClassDevice.o
Audio_Device_ProcessControlRequest                ../../LUFA/LUFA/Drivers/USB/Class/Device/AudioClassDevice.o
CALLBACK_Audio_Device_GetSetEndpointProperty      ../../LUFA/LUFA/Drivers/USB/Class/Device/AudioClassDevice.o
CALLBACK_Audio_Device_GetSetInterfaceProperty     ../../LUFA/LUFA/Drivers/USB/Class/Device/AudioClassDevice.o
CALLBACK_HIDParser_FilterHIDReportItem            ../../LUFA/LUFA/Drivers/USB/Class/Common/HIDParser.o
CALLBACK_HID_Device_CreateHIDReport               ../../LUFA/LUFA/Drivers/USB/Class/Device/HIDClassDevice.o
CALLBACK_HID_Device_ProcessHIDReport              ../../LUFA/LUFA/Drivers/USB/Class/Device/HIDClassDevice.o
CALLBACK_MS_Device_SCSICommandReceived            ../../LUFA/LUFA/Drivers/USB/Class/Device/MassStorageClassDevice.o
CALLBACK_USB_GetDescriptor                        Descriptors.o
                                                  ../../LUFA/LUFA/Drivers/USB/Core/DeviceStandardReq.o
CDC_Device_BytesReceived                          ../../LUFA/LUFA/Drivers/USB/Class/Device/CDCClassDevice.o
CDC_Device_ConfigureEndpoints                     ../../LUFA/LUFA/Drivers/USB/Class/Device/CDCClassDevice.o
                                                  RNG.o
CDC_Device_CreateBlockingStream                   ../../LUFA/LUFA/Drivers/USB/Class/Device/CDCClassDevice.o
CDC_Device_CreateStream                           ../../LUFA/LUFA/Drivers/USB/Class/Device/CDCClassDevice.o
                                                  RNG.o
CDC_Device_Event_Stub                             ../../LUFA/LUFA/Drivers/USB/Class/Device/CDCClassDevice.o
CDC_Device_Flush                                  ../../LUFA/LUFA/Drivers/USB/Class/Device/CDCClassDevice.o
CDC_Device_ProcessControlRequest                  ../../LUFA/LUFA/Drivers/USB/Class/Device/CDCClassDevice.o
                                                  RNG.o
CDC_Device_ReceiveByte                            ../../LUFA/LUFA/Drivers/USB/Class/Device/CDCClassDevice.o
                                                  RNG.o
CDC_Device_SendByte                               ../../LUFA/LUFA/Drivers/USB/Class/Device/CDCClassDevice.o
CDC_Device_SendControlLineStateChange             ../../LUFA/LUFA/Drivers/USB/Class/Device/CDCClassDevice.o
CDC_Device_SendData                               ../../LUFA/LUFA/Drivers/USB/Class/Device/CDCClassDevice.o
CDC_Device_SendString                             ../../LUFA/LUFA/Drivers/USB/Class/Device/CDCClassDevice.o
CDC_Device_USBTask                                ../../LUFA/LUFA/Drivers/USB/Class/Device/CDCClassDevice.o
                                                  RNG.o
ConfigurationDescriptor                           Descriptors.o
DeviceDescriptor                                  Descriptors.o
EVENT_Audio_Device_StreamStartStop                ../../LUFA/LUFA/Drivers/USB/Class/Device/AudioClassDevice.o
EVENT_CDC_Device_BreakSent                        ../../LUFA/LUFA/Drivers/USB/Class/Device/CDCClassDevice.o
EVENT_CDC_Device_ControLineStateChanged           ../../LUFA/LUFA/Drivers/USB/Class/Device/CDCClassDevice.o
EVENT_CDC_Device_LineEncodingChanged              ../../LUFA/LUFA/Drivers/USB/Class/Device/CDCClassDevice.o
EVENT_PRNT_Device_SoftReset                       ../../LUFA/LUFA/Drivers/USB/Class/Device/PrinterClassDevice.o
EVENT_USB_Device_ConfigurationChanged             RNG.o
                                                  ../../LUFA/LUFA/Drivers/USB/Core/DeviceStandardReq.o
EVENT_USB_Device_Connect                          RNG.o
                                                  ../../LUFA/LUFA/Drivers/USB/Core/AVR8/USBInterrupt_AVR8.o
EVENT_USB_Device_ControlRequest                   RNG.o
                                                  ../../LUFA/LUFA/Drivers/USB/Core/DeviceStandardReq.o
EVENT_USB_Device_Disconnect                       RNG.o
                                                  ../../LUFA/LUFA/Drivers/USB/Core/AVR8/USBInterrupt_AVR8.o
EVENT_USB_Device_Reset                            ../../LUFA/LUFA/Drivers/USB/Core/Events.o
                                                  ../../LUFA/LUFA/Drivers/USB/Core/AVR8/USBInterrupt_AVR8.o
EVENT_USB_Device_StartOfFrame                     ../../LUFA/LUFA/Drivers/USB/Core/Events.o
                                                  ../../LUFA/LUFA/Drivers/USB/Core/AVR8/USBInterrupt_AVR8.o
EVENT_USB_Device_Suspend                          ../../LUFA/LUFA/Drivers/USB/Core/Events.o
EVENT_USB_Device_WakeUp                           ../../LUFA/LUFA/Drivers/USB/Core/Events.o
Endpoint_ClearEndpoints                           ../../LUFA/LUFA/Drivers/USB/Core/AVR8/Endpoint_AVR8.o
Endpoint_ClearStatusStage                         ../../LUFA/LUFA/Drivers/USB/Core/AVR8/Endpoint_AVR8.o
                                                  ../../LUFA/LUFA/Drivers/USB/Class/Device/PrinterClassDevice.o
                                                  ../../LUFA/LUFA/Drivers/USB/Class/Device/MassStorageClassDevice.o
                                                  ../../LUFA/LUFA/Drivers/USB/Class/Device/HIDClassDevice.o
                                                  ../../LUFA/LUFA/Drivers/USB/Class/Device/CDCClassDevice.o
                                                  ../../LUFA/LUFA/Drivers/USB/Class/Device/AudioClassDevice.o
                                                  ../../LUFA/LUFA/Drivers/USB/Core/DeviceStandardReq.o
Endpoint_ConfigureEndpointTable                   ../../LUFA/LUFA/Drivers/USB/Core/AVR8/Endpoint_AVR8.o
                                                  ../../LUFA/LUFA/Drivers/USB/Class/Device/RNDISClassDevice.o
                                                  ../../LUFA/LUFA/Drivers/USB/Class/Device/PrinterClassDevice.o
                                                  ../../LUFA/LUFA/Drivers/USB/Class/Device/MIDIClassDevice.o
                                                  ../../LUFA/LUFA/Drivers/USB/Class/Device/MassStorageClassDevice.o
                                                  ../../LUFA/LUFA/Drivers/USB/Class/Device/HIDClassDevice.o
                                                  ../../LUFA/LUFA/Drivers/USB/Class/Device/CDCClassDevice.o
                                                  ../../LUFA/LUFA/Drivers/USB/Class/Device/AudioClassDevice.o
Endpoint_ConfigureEndpoint_Prv                    ../../LUFA/LUFA/Drivers/USB/Core/AVR8/Endpoint_AVR8.o
                                                  ../../LUFA/LUFA/Drivers/USB/Core/AVR8/USBInterrupt_AVR8.o
                                                  ../../LUFA/LUFA/Drivers/USB/Core/AVR8/USBController_AVR8.o
Endpoint_Discard_Stream                           ../../LUFA/LUFA/Drivers/USB/Core/AVR8/EndpointStream_AVR8.o
Endpoint_Null_Stream                              ../../LUFA/LUFA/Drivers/USB/Core/AVR8/EndpointStream_AVR8.o
Endpoint_Read_Control_EStream_BE                  ../../LUFA/LUFA/Drivers/USB/Core/AVR8/EndpointStream_AVR8.o
Endpoint_Read_Control_EStream_LE                  ../../LUFA/LUFA/Drivers/USB/Core/AVR8/EndpointStream_AVR8.o
Endpoint_Read_Control_Stream_BE                   ../../LUFA/LUFA/Drivers/USB/Core/AVR8/EndpointStream_AVR8.o
Endpoint_Read_Control_Stream_LE                   ../../LUFA/LUFA/Drivers/USB/Core/AVR8/EndpointStream_AVR8.o
                                                  ../../LUFA/LUFA/Drivers/USB/Class/Device/RNDISClassDevice.o
                                                  ../../LUFA/LUFA/Drivers/USB/Class/Device/HIDClassDevice.o
                                                  ../../LUFA/LUFA/Drivers/USB/Class/Device/AudioClassDevice.o
Endpoint_Read_EStream_BE                          ../../LUFA/LUFA/Drivers/USB/Core/AVR8/EndpointStream_AVR8.o
Endpoint_Read_EStream_LE                          ../../LUFA/LUFA/Drivers/USB/Core/AVR8/EndpointStream_AVR8.o
Endpoint_Read_Stream_BE                           ../../LUFA/LUFA/Drivers/USB/Core/AVR8/EndpointStream_AVR8.o
Endpoint_Read_Stream_LE                           ../../LUFA/LUFA/Drivers/USB/Core/AVR8/EndpointStream_AVR8.o
                                                  ../../LUFA/LUFA/Drivers/USB/Class/Device/RNDISClassDevice.o
                                                  ../../LUFA/LUFA/Drivers/USB/Class/Device/MIDIClassDevice.o
                                                  ../../LUFA/LUFA/Drivers/USB/Class/Device/MassStorageClassDevice.o
Endpoint_WaitUntilReady                           ../../LUFA/LUFA/Drivers/USB/Core/AVR8/Endpoint_AVR8.o
                                                  ../../LUFA/LUFA/Drivers/USB/Class/Device/RNDISClassDevice.o
                                                  ../../LUFA/LUFA/Drivers/USB/Class/Device/PrinterClassDevice.o
                                                  ../../LUFA/LUFA/Drivers/USB/Class/Device/MIDIClassDevice.o
                                                  ../../LUFA/LUFA/Drivers/USB/Class/Device/CDCClassDevice.o
                                                  ../../LUFA/LUFA/Drivers/USB/Core/AVR8/EndpointStream_AVR8.o
Endpoint_Write_Control_EStream_BE                 ../../LUFA/LUFA/Drivers/USB/Core/AVR8/EndpointStream_AVR8.o
Endpoint_Write_Control_EStream_LE                 ../../LUFA/LUFA/Drivers/USB/Core/AVR8/EndpointStream_AVR8.o
Endpoint_Write_Control_PStream_BE                 ../../LUFA/LUFA/Drivers/USB/Core/AVR8/EndpointStream_AVR8.o
Endpoint_Write_Control_PStream_LE                 ../../LUFA/LUFA/Drivers/USB/Core/AVR8/EndpointStream_AVR8.o
                                                  ../../LUFA/LUFA/Drivers/USB/Core/DeviceStandardReq.o
Endpoint_Write_Control_Stream_BE                  ../../LUFA/LUFA/Drivers/USB/Core/AVR8/EndpointStream_AVR8.o
Endpoint_Write_Control_Stream_LE                  ../../LUFA/LUFA/Drivers/USB/Core/AVR8/EndpointStream_AVR8.o
                                                  ../../LUFA/LUFA/Drivers/USB/Class/Device/RNDISClassDevice.o
                                                  ../../LUFA/LUFA/Drivers/USB/Class/Device/PrinterClassDevice.o
                                                  ../../LUFA/LUFA/Drivers/USB/Class/Device/HIDClassDevice.o
                                                  ../../LUFA/LUFA/Drivers/USB/Class/Device/AudioClassDevice.o
                                                  ../../LUFA/LUFA/Drivers/USB/Core/DeviceStandardReq.o
Endpoint_Write_EStream_BE                         ../../LUFA/LUFA/Drivers/USB/Core/AVR8/EndpointStream_AVR8.o
Endpoint_Write_EStream_LE                         ../../LUFA/LUFA/Drivers/USB/Core/AVR8/EndpointStream_AVR8.o
Endpoint_Write_PStream_BE                         ../../LUFA/LUFA/Drivers/USB/Core/AVR8/EndpointStream_AVR8.o
Endpoint_Write_PStream_LE                         ../../LUFA/LUFA/Drivers/USB/Core/AVR8/EndpointStream_AVR8.o
Endpoint_Write_Stream_BE                          ../../LUFA/LUFA/Drivers/USB/Core/AVR8/EndpointStream_AVR8.o
Endpoint_Write_Stream_LE                          ../../LUFA/LUFA/Drivers/USB/Core/AVR8/EndpointStream_AVR8.o
                                                  ../../LUFA/LUFA/Drivers/USB/Class/Device/RNDISClassDevice.o
                                                  ../../LUFA/LUFA/Drivers/USB/Class/Device/PrinterClassDevice.o
                                                  ../../LUFA/LUFA/Drivers/USB/Class/Device/MIDIClassDevice.o
                                                  ../../LUFA/LUFA/Drivers/USB/Class/Device/MassStorageClassDevice.o
                                                  ../../LUFA/LUFA/Drivers/USB/Class/Device/HIDClassDevice.o
                                                  ../../LUFA/LUFA/Drivers/USB/Class/Device/CDCClassDevice.o
HID_Device_ConfigureEndpoints                     ../../LUFA/LUFA/Drivers/USB/Class/Device/HIDClassDevice.o
HID_Device_ProcessControlRequest                  ../../LUFA/LUFA/Drivers/USB/Class/Device/HIDClassDevice.o
HID_Device_USBTask                                ../../LUFA/LUFA/Drivers/USB/Class/Device/HIDClassDevice.o
LanguageString                                    Descriptors.o
MIDI_Device_ConfigureEndpoints                    ../../LUFA/LUFA/Drivers/USB/Class/Device/MIDIClassDevice.o
MIDI_Device_Flush                                 ../../LUFA/LUFA/Drivers/USB/Class/Device/MIDIClassDevice.o
MIDI_Device_ReceiveEventPacket                    ../../LUFA/LUFA/Drivers/USB/Class/Device/MIDIClassDevice.o
MIDI_Device_SendEventPacket                       ../../LUFA/LUFA/Drivers/USB/Class/Device/MIDIClassDevice.o
MIDI_Device_USBTask                               ../../LUFA/LUFA/Drivers/USB/Class/Device/MIDIClassDevice.o
MS_Device_ConfigureEndpoints                      ../../LUFA/LUFA/Drivers/USB/Class/Device/MassStorageClassDevice.o
MS_Device_ProcessControlRequest                   ../../LUFA/LUFA/Drivers/USB/Class/Device/MassStorageClassDevice.o
MS_Device_USBTask                                 ../../LUFA/LUFA/Drivers/USB/Class/Device/MassStorageClassDevice.o
ManufacturerString                                Descriptors.o
PRNT_Device_BytesReceived                         ../../LUFA/LUFA/Drivers/USB/Class/Device/PrinterClassDevice.o
PRNT_Device_ConfigureEndpoints                    ../../LUFA/LUFA/Drivers/USB/Class/Device/PrinterClassDevice.o
PRNT_Device_CreateBlockingStream                  ../../LUFA/LUFA/Drivers/USB/Class/Device/PrinterClassDevice.o
PRNT_Device_CreateStream                          ../../LUFA/LUFA/Drivers/USB/Class/Device/PrinterClassDevice.o
PRNT_Device_Event_Stub                            ../../LUFA/LUFA/Drivers/USB/Class/Device/PrinterClassDevice.o
PRNT_Device_Flush                                 ../../LUFA/LUFA/Drivers/USB/Class/Device/PrinterClassDevice.o
PRNT_Device_ProcessControlRequest                 ../../LUFA/LUFA/Drivers/USB/Class/Device/PrinterClassDevice.o
PRNT_Device_ReceiveByte                           ../../LUFA/LUFA/Drivers/USB/Class/Device/PrinterClassDevice.o
PRNT_Device_SendByte                              ../../LUFA/LUFA/Drivers/USB/Class/Device/PrinterClassDevice.o
PRNT_Device_SendData                              ../../LUFA/LUFA/Drivers/USB/Class/Device/PrinterClassDevice.o
PRNT_Device_SendString                            ../../LUFA/LUFA/Drivers/USB/Class/Device/PrinterClassDevice.o
PRNT_Device_USBTask                               ../../LUFA/LUFA/Drivers/USB/Class/Device/PrinterClassDevice.o
ProductString                                     Descriptors.o
RNDIS_Device_ConfigureEndpoints                   ../../LUFA/LUFA/Drivers/USB/Class/Device/RNDISClassDevice.o
RNDIS_Device_IsPacketReceived                     ../../LUFA/LUFA/Drivers/USB/Class/Device/RNDISClassDevice.o
RNDIS_Device_ProcessControlRequest                ../../LUFA/LUFA/Drivers/USB/Class/Device/RNDISClassDevice.o
RNDIS_Device_ReadPacket                           ../../LUFA/LUFA/Drivers/USB/Class/Device/RNDISClassDevice.o
RNDIS_Device_SendPacket                           ../../LUFA/LUFA/Drivers/USB/Class/Device/RNDISClassDevice.o
RNDIS_Device_USBTask                              ../../LUFA/LUFA/Drivers/USB/Class/Device/RNDISClassDevice.o
USB_ControlRequest                                ../../LUFA/LUFA/Drivers/USB/Class/Device/RNDISClassDevice.o
                                                  ../../LUFA/LUFA/Drivers/USB/Class/Device/PrinterClassDevice.o
                                                  ../../LUFA/LUFA/Drivers/USB/Class/Device/MassStorageClassDevice.o
                                                  ../../LUFA/LUFA/Drivers/USB/Class/Device/HIDClassDevice.o
                                                  ../../LUFA/LUFA/Drivers/USB/Class/Device/CDCClassDevice.o
                                                  ../../LUFA/LUFA/Drivers/USB/Class/Device/AudioClassDevice.o
                                                  ../../LUFA/LUFA/Drivers/USB/Core/USBTask.o
                                                  ../../LUFA/LUFA/Drivers/USB/Core/DeviceStandardReq.o
                                                  ../../LUFA/LUFA/Drivers/USB/Core/AVR8/Endpoint_AVR8.o
                                                  ../../LUFA/LUFA/Drivers/USB/Core/AVR8/EndpointStream_AVR8.o
USB_DeviceState                                   ../../LUFA/LUFA/Drivers/USB/Class/Device/RNDISClassDevice.o
                                                  ../../LUFA/LUFA/Drivers/USB/Class/Device/PrinterClassDevice.o
                                                  ../../LUFA/LUFA/Drivers/USB/Class/Device/MIDIClassDevice.o
                                                  ../../LUFA/LUFA/Drivers/USB/Class/Device/MassStorageClassDevice.o
                                                  ../../LUFA/LUFA/Drivers/USB/Class/Device/HIDClassDevice.o
                                                  ../../LUFA/LUFA/Drivers/USB/Class/Device/CDCClassDevice.o
                                                  ../../LUFA/LUFA/Drivers/USB/Core/USBTask.o
                                                  ../../LUFA/LUFA/Drivers/USB/Core/DeviceStandardReq.o
                                                  ../../LUFA/LUFA/Drivers/USB/Core/AVR8/USBInterrupt_AVR8.o
                                                  ../../LUFA/LUFA/Drivers/USB/Core/AVR8/USBController_AVR8.o
                                                  ../../LUFA/LUFA/Drivers/USB/Core/AVR8/Endpoint_AVR8.o
                                                  ../../LUFA/LUFA/Drivers/USB/Core/AVR8/EndpointStream_AVR8.o
USB_Device_ConfigurationNumber                    ../../LUFA/LUFA/Drivers/USB/Core/DeviceStandardReq.o
                                                  ../../LUFA/LUFA/Drivers/USB/Core/AVR8/USBInterrupt_AVR8.o
                                                  ../../LUFA/LUFA/Drivers/USB/Core/AVR8/USBController_AVR8.o
USB_Device_CurrentlySelfPowered                   ../../LUFA/LUFA/Drivers/USB/Core/DeviceStandardReq.o
                                                  ../../LUFA/LUFA/Drivers/USB/Core/AVR8/USBController_AVR8.o
USB_Device_ProcessControlRequest                  ../../LUFA/LUFA/Drivers/USB/Core/DeviceStandardReq.o
                                                  ../../LUFA/LUFA/Drivers/USB/Core/USBTask.o
                                                  ../../LUFA/LUFA/Drivers/USB/Core/AVR8/USBInterrupt_AVR8.o
USB_Device_RemoteWakeupEnabled                    ../../LUFA/LUFA/Drivers/USB/Core/DeviceStandardReq.o
                                                  ../../LUFA/LUFA/Drivers/USB/Core/AVR8/USBController_AVR8.o
USB_Device_SendRemoteWakeup                       ../../LUFA/LUFA/Drivers/USB/Core/AVR8/Device_AVR8.o
USB_Disable                                       ../../LUFA/LUFA/Drivers/USB/Core/AVR8/USBController_AVR8.o
USB_Event_Stub                                    ../../LUFA/LUFA/Drivers/USB/Core/Events.o
USB_GetHIDReportItemInfo                          ../../LUFA/LUFA/Drivers/USB/Class/Common/HIDParser.o
USB_GetHIDReportSize                              ../../LUFA/LUFA/Drivers/USB/Class/Common/HIDParser.o
USB_GetNextDescriptorComp                         ../../LUFA/LUFA/Drivers/USB/Core/ConfigDescriptors.o
USB_GetNextDescriptorOfType                       ../../LUFA/LUFA/Drivers/USB/Core/ConfigDescriptors.o
USB_GetNextDescriptorOfTypeAfter                  ../../LUFA/LUFA/Drivers/USB/Core/ConfigDescriptors.o
USB_GetNextDescriptorOfTypeBefore                 ../../LUFA/LUFA/Drivers/USB/Core/ConfigDescriptors.o
USB_INT_ClearAllInterrupts                        ../../LUFA/LUFA/Drivers/USB/Core/AVR8/USBInterrupt_AVR8.o
                                                  ../../LUFA/LUFA/Drivers/USB/Core/AVR8/USBController_AVR8.o
USB_INT_DisableAllInterrupts                      ../../LUFA/LUFA/Drivers/USB/Core/AVR8/USBInterrupt_AVR8.o
                                                  ../../LUFA/LUFA/Drivers/USB/Core/AVR8/USBController_AVR8.o
USB_Init                                          ../../LUFA/LUFA/Drivers/USB/Core/AVR8/USBController_AVR8.o
                                                  RNG.o
USB_IsInitialized                                 ../../LUFA/LUFA/Drivers/USB/Core/USBTask.o
                                                  ../../LUFA/LUFA/Drivers/USB/Core/AVR8/USBController_AVR8.o
USB_ProcessHIDReport                              ../../LUFA/LUFA/Drivers/USB/Class/Common/HIDParser.o
USB_ResetInterface                                ../../LUFA/LUFA/Drivers/USB/Core/AVR8/USBController_AVR8.o
USB_SetHIDReportItemInfo                          ../../LUFA/LUFA/Drivers/USB/Class/Common/HIDParser.o
USB_USBTask                                       ../../LUFA/LUFA/Drivers/USB/Core/USBTask.o
                                                  ../../LUFA/LUFA/Drivers/USB/Class/Device/PrinterClassDevice.o
                                                  ../../LUFA/LUFA/Drivers/USB/Class/Device/CDCClassDevice.o
                                                  RNG.o
VirtualSerial_CDC_Interface                       RNG.o
__bad_interrupt                                   /usr/local/CrossPack-AVR-20131216/lib/gcc/avr/4.8.1/../../../../avr/lib/avr35/crtm16u2.o
__bss_end                                         /usr/local/CrossPack-AVR-20131216/lib/gcc/avr/4.8.1/avr35/libgcc.a(_clear_bss.o)
__bss_start                                       /usr/local/CrossPack-AVR-20131216/lib/gcc/avr/4.8.1/avr35/libgcc.a(_clear_bss.o)
__data_end                                        /usr/local/CrossPack-AVR-20131216/lib/gcc/avr/4.8.1/avr35/libgcc.a(_copy_data.o)
__data_load_start                                 /usr/local/CrossPack-AVR-20131216/lib/gcc/avr/4.8.1/avr35/libgcc.a(_copy_data.o)
__data_start                                      /usr/local/CrossPack-AVR-20131216/lib/gcc/avr/4.8.1/avr35/libgcc.a(_copy_data.o)
__do_clear_bss                                    /usr/local/CrossPack-AVR-20131216/lib/gcc/avr/4.8.1/avr35/libgcc.a(_clear_bss.o)
                                                  ../../LUFA/LUFA/Drivers/USB/Core/USBTask.o
                                                  ../../LUFA/LUFA/Drivers/USB/Core/DeviceStandardReq.o
                                                  RNG.o
__do_copy_data                                    /usr/local/CrossPack-AVR-20131216/lib/gcc/avr/4.8.1/avr35/libgcc.a(_copy_data.o)
                                                  ../../LUFA/LUFA/Drivers/USB/Class/Device/RNDISClassDevice.o
                                                  ../../LUFA/LUFA/Drivers/USB/Class/Device/CDCClassDevice.o
                                                  RNG.o
__eerd_byte_m16u2                                 /usr/local/CrossPack-AVR-20131216/lib/gcc/avr/4.8.1/../../../../avr/lib/avr35/libc.a(eerd_byte_atmega16u2.o)
                                                  ../../LUFA/LUFA/Drivers/USB/Core/AVR8/EndpointStream_AVR8.o
__eeupd_byte_m16u2                                /usr/local/CrossPack-AVR-20131216/lib/gcc/avr/4.8.1/../../../../avr/lib/avr35/libc.a(eeupd_byte_atmega16u2.o)
                                                  ../../LUFA/LUFA/Drivers/USB/Core/AVR8/EndpointStream_AVR8.o
__eeupd_r18_m16u2                                 /usr/local/CrossPack-AVR-20131216/lib/gcc/avr/4.8.1/../../../../avr/lib/avr35/libc.a(eeupd_byte_atmega16u2.o)
__heap_end                                        /usr/local/CrossPack-AVR-20131216/lib/gcc/avr/4.8.1/../../../../avr/lib/avr35/crtm16u2.o
__init                                            /usr/local/CrossPack-AVR-20131216/lib/gcc/avr/4.8.1/../../../../avr/lib/avr35/crtm16u2.o
__mulhi3                                          /usr/local/CrossPack-AVR-20131216/lib/gcc/avr/4.8.1/avr35/libgcc.a(_mulhi3.o)
                                                  ../../LUFA/LUFA/Drivers/USB/Class/Common/HIDParser.o
__stack                                           /usr/local/CrossPack-AVR-20131216/lib/gcc/avr/4.8.1/../../../../avr/lib/avr35/crtm16u2.o
__tablejump2__                                    /usr/local/CrossPack-AVR-20131216/lib/gcc/avr/4.8.1/avr35/libgcc.a(_tablejump.o)
                                                  ../../LUFA/LUFA/Drivers/USB/Core/DeviceStandardReq.o
__tablejump__                                     /usr/local/CrossPack-AVR-20131216/lib/gcc/avr/4.8.1/avr35/libgcc.a(_tablejump.o)
__vector_1                                        /usr/local/CrossPack-AVR-20131216/lib/gcc/avr/4.8.1/../../../../avr/lib/avr35/crtm16u2.o
__vector_10                                       /usr/local/CrossPack-AVR-20131216/lib/gcc/avr/4.8.1/../../../../avr/lib/avr35/crtm16u2.o
__vector_11                                       ../../LUFA/LUFA/Drivers/USB/Core/AVR8/USBInterrupt_AVR8.o
                                                  /usr/local/CrossPack-AVR-20131216/lib/gcc/avr/4.8.1/../../../../avr/lib/avr35/crtm16u2.o
__vector_12                                       ../../LUFA/LUFA/Drivers/USB/Core/AVR8/USBInterrupt_AVR8.o
                                                  /usr/local/CrossPack-AVR-20131216/lib/gcc/avr/4.8.1/../../../../avr/lib/avr35/crtm16u2.o
__vector_13                                       /usr/local/CrossPack-AVR-20131216/lib/gcc/avr/4.8.1/../../../../avr/lib/avr35/crtm16u2.o
__vector_14                                       /usr/local/CrossPack-AVR-20131216/lib/gcc/avr/4.8.1/../../../../avr/lib/avr35/crtm16u2.o
__vector_15                                       /usr/local/CrossPack-AVR-20131216/lib/gcc/avr/4.8.1/../../../../avr/lib/avr35/crtm16u2.o
__vector_16                                       /usr/local/CrossPack-AVR-20131216/lib/gcc/avr/4.8.1/../../../../avr/lib/avr35/crtm16u2.o
__vector_17                                       /usr/local/CrossPack-AVR-20131216/lib/gcc/avr/4.8.1/../../../../avr/lib/avr35/crtm16u2.o
__vector_18                                       /usr/local/CrossPack-AVR-20131216/lib/gcc/avr/4.8.1/../../../../avr/lib/avr35/crtm16u2.o
__vector_19                                       /usr/local/CrossPack-AVR-20131216/lib/gcc/avr/4.8.1/../../../../avr/lib/avr35/crtm16u2.o
__vector_2                                        /usr/local/CrossPack-AVR-20131216/lib/gcc/avr/4.8.1/../../../../avr/lib/avr35/crtm16u2.o
__vector_20                                       /usr/local/CrossPack-AVR-20131216/lib/gcc/avr/4.8.1/../../../../avr/lib/avr35/crtm16u2.o
__vector_21                                       /usr/local/CrossPack-AVR-20131216/lib/gcc/avr/4.8.1/../../../../avr/lib/avr35/crtm16u2.o
__vector_22                                       /usr/local/CrossPack-AVR-20131216/lib/gcc/avr/4.8.1/../../../../avr/lib/avr35/crtm16u2.o
__vector_23                                       /usr/local/CrossPack-AVR-20131216/lib/gcc/avr/4.8.1/../../../../avr/lib/avr35/crtm16u2.o
__vector_24                                       /usr/local/CrossPack-AVR-20131216/lib/gcc/avr/4.8.1/../../../../avr/lib/avr35/crtm16u2.o
__vector_25                                       /usr/local/CrossPack-AVR-20131216/lib/gcc/avr/4.8.1/../../../../avr/lib/avr35/crtm16u2.o
__vector_26                                       /usr/local/CrossPack-AVR-20131216/lib/gcc/avr/4.8.1/../../../../avr/lib/avr35/crtm16u2.o
__vector_27                                       /usr/local/CrossPack-AVR-20131216/lib/gcc/avr/4.8.1/../../../../avr/lib/avr35/crtm16u2.o
__vector_28                                       /usr/local/CrossPack-AVR-20131216/lib/gcc/avr/4.8.1/../../../../avr/lib/avr35/crtm16u2.o
__vector_3                                        /usr/local/CrossPack-AVR-20131216/lib/gcc/avr/4.8.1/../../../../avr/lib/avr35/crtm16u2.o
__vector_4                                        /usr/local/CrossPack-AVR-20131216/lib/gcc/avr/4.8.1/../../../../avr/lib/avr35/crtm16u2.o
__vector_5                                        /usr/local/CrossPack-AVR-20131216/lib/gcc/avr/4.8.1/../../../../avr/lib/avr35/crtm16u2.o
__vector_6                                        /usr/local/CrossPack-AVR-20131216/lib/gcc/avr/4.8.1/../../../../avr/lib/avr35/crtm16u2.o
__vector_7                                        /usr/local/CrossPack-AVR-20131216/lib/gcc/avr/4.8.1/../../../../avr/lib/avr35/crtm16u2.o
__vector_8                                        /usr/local/CrossPack-AVR-20131216/lib/gcc/avr/4.8.1/../../../../avr/lib/avr35/crtm16u2.o
__vector_9                                        /usr/local/CrossPack-AVR-20131216/lib/gcc/avr/4.8.1/../../../../avr/lib/avr35/crtm16u2.o
__vector_default                                  /usr/local/CrossPack-AVR-20131216/lib/gcc/avr/4.8.1/../../../../avr/lib/avr35/crtm16u2.o
__vectors                                         /usr/local/CrossPack-AVR-20131216/lib/gcc/avr/4.8.1/../../../../avr/lib/avr35/crtm16u2.o
_exit                                             /usr/local/CrossPack-AVR-20131216/lib/gcc/avr/4.8.1/avr35/libgcc.a(_exit.o)
buffer                                            RNG.o
count                                             RNG.o
exit                                              /usr/local/CrossPack-AVR-20131216/lib/gcc/avr/4.8.1/avr35/libgcc.a(_exit.o)
                                                  /usr/local/CrossPack-AVR-20131216/lib/gcc/avr/4.8.1/../../../../avr/lib/avr35/crtm16u2.o
fputc                                             /usr/local/CrossPack-AVR-20131216/lib/gcc/avr/4.8.1/../../../../avr/lib/avr35/libc.a(fputc.o)
                                                  RNG.o
main                                              RNG.o
                                                  /usr/local/CrossPack-AVR-20131216/lib/gcc/avr/4.8.1/../../../../avr/lib/avr35/crtm16u2.o
memcmp                                            /usr/local/CrossPack-AVR-20131216/lib/gcc/avr/4.8.1/../../../../avr/lib/avr35/libc.a(memcmp.o)
                                                  ../../LUFA/LUFA/Drivers/USB/Class/Device/HIDClassDevice.o
memcpy                                            /usr/local/CrossPack-AVR-20131216/lib/gcc/avr/4.8.1/../../../../avr/lib/avr35/libc.a(memcpy.o)
                                                  ../../LUFA/LUFA/Drivers/USB/Class/Device/RNDISClassDevice.o
                                                  ../../LUFA/LUFA/Drivers/USB/Class/Device/HIDClassDevice.o
memcpy_P                                          /usr/local/CrossPack-AVR-20131216/lib/gcc/avr/4.8.1/../../../../avr/lib/avr35/libc.a(memcpy_P.o)
                                                  ../../LUFA/LUFA/Drivers/USB/Class/Device/RNDISClassDevice.o
memset                                            /usr/local/CrossPack-AVR-20131216/lib/gcc/avr/4.8.1/../../../../avr/lib/avr35/libc.a(memset.o)
                                                  ../../LUFA/LUFA/Drivers/USB/Class/Device/HIDClassDevice.o
str                                               RNG.o
